Component: ARM Compiler 5.06 update 7 (build 960) Tool: armlink [4d3601]

==============================================================================

Section Cross References

    main.o(i.ADC_task) refers to adc.o(i.Get_Adc) for Get_Adc
    main.o(i.ADC_task) refers to dflt_clz.o(x$fpl$dfltu) for __aeabi_ui2d
    main.o(i.ADC_task) refers to dmul.o(x$fpl$dmul) for __aeabi_dmul
    main.o(i.ADC_task) refers to d2f.o(x$fpl$d2f) for __aeabi_d2f
    main.o(i.ADC_task) refers to tasks.o(i.vTaskSuspend) for vTaskSuspend
    main.o(i.ADC_task) refers to main.o(.bss) for .bss
    main.o(i.ADC_task) refers to main.o(.data) for .data
    main.o(i.DAC_task) refers to stm32f4xx_hal_dac.o(i.HAL_DAC_SetValue) for HAL_DAC_SetValue
    main.o(i.DAC_task) refers to lcd.o(i.LCD_ShowNum) for LCD_ShowNum
    main.o(i.DAC_task) refers to tasks.o(i.vTaskDelay) for vTaskDelay
    main.o(i.DAC_task) refers to dac.o(.bss) for DAC1_Handler
    main.o(i.DAC_task) refers to main.o(.data) for .data
    main.o(i.KEY_task) refers to key.o(i.KEY_Scan) for KEY_Scan
    main.o(i.KEY_task) refers to noretval__2printf.o(.text) for __2printf
    main.o(i.KEY_task) refers to tasks.o(i.vTaskResume) for vTaskResume
    main.o(i.KEY_task) refers to main.o(.data) for .data
    main.o(i.main) refers to stm32f4xx_hal.o(i.HAL_Init) for HAL_Init
    main.o(i.main) refers to sys.o(i.Stm32_Clock_Init) for Stm32_Clock_Init
    main.o(i.main) refers to delay.o(i.delay_init) for delay_init
    main.o(i.main) refers to led.o(i.LED_Init) for LED_Init
    main.o(i.main) refers to key.o(i.KEY_Init) for KEY_Init
    main.o(i.main) refers to usart.o(i.uart_init) for uart_init
    main.o(i.main) refers to dac.o(i.DAC1_Init) for DAC1_Init
    main.o(i.main) refers to tasks.o(i.xTaskCreate) for xTaskCreate
    main.o(i.main) refers to tasks.o(i.vTaskStartScheduler) for vTaskStartScheduler
    main.o(i.main) refers to main.o(.data) for .data
    main.o(i.main) refers to main.o(i.start_task) for start_task
    main.o(i.start_task) refers to port.o(i.vPortEnterCritical) for vPortEnterCritical
    main.o(i.start_task) refers to tasks.o(i.xTaskCreate) for xTaskCreate
    main.o(i.start_task) refers to tasks.o(i.vTaskSuspend) for vTaskSuspend
    main.o(i.start_task) refers to tasks.o(i.vTaskDelete) for vTaskDelete
    main.o(i.start_task) refers to port.o(i.vPortExitCritical) for vPortExitCritical
    main.o(i.start_task) refers to main.o(.data) for .data
    main.o(i.start_task) refers to main.o(i.KEY_task) for KEY_task
    main.o(i.start_task) refers to main.o(i.usart_task) for usart_task
    main.o(i.start_task) refers to main.o(i.DAC_task) for DAC_task
    main.o(i.start_task) refers to main.o(i.ADC_task) for ADC_task
    main.o(i.usart_task) refers to tasks.o(i.vTaskDelay) for vTaskDelay
    main.o(i.usart_task) refers to main.o(.data) for .data
    main.o(i.usart_task) refers to usart.o(.bss) for USART_RX_BUF
    main.o(i.usart_task) refers to usart.o(.data) for USART_RX_STA
    system_stm32f4xx.o(i.SystemCoreClockUpdate) refers to system_stm32f4xx.o(.data) for .data
    startup_stm32f429xx.o(STACK) refers (Special) to heapauxi.o(.text) for __use_two_region_memory
    startup_stm32f429xx.o(HEAP) refers (Special) to heapauxi.o(.text) for __use_two_region_memory
    startup_stm32f429xx.o(RESET) refers (Special) to heapauxi.o(.text) for __use_two_region_memory
    startup_stm32f429xx.o(RESET) refers to startup_stm32f429xx.o(STACK) for __initial_sp
    startup_stm32f429xx.o(RESET) refers to startup_stm32f429xx.o(.text) for Reset_Handler
    startup_stm32f429xx.o(RESET) refers to stm32f4xx_it.o(i.NMI_Handler) for NMI_Handler
    startup_stm32f429xx.o(RESET) refers to stm32f4xx_it.o(i.HardFault_Handler) for HardFault_Handler
    startup_stm32f429xx.o(RESET) refers to stm32f4xx_it.o(i.MemManage_Handler) for MemManage_Handler
    startup_stm32f429xx.o(RESET) refers to stm32f4xx_it.o(i.BusFault_Handler) for BusFault_Handler
    startup_stm32f429xx.o(RESET) refers to stm32f4xx_it.o(i.UsageFault_Handler) for UsageFault_Handler
    startup_stm32f429xx.o(RESET) refers to port.o(.emb_text) for SVC_Handler
    startup_stm32f429xx.o(RESET) refers to stm32f4xx_it.o(i.DebugMon_Handler) for DebugMon_Handler
    startup_stm32f429xx.o(RESET) refers to delay.o(i.SysTick_Handler) for SysTick_Handler
    startup_stm32f429xx.o(RESET) refers to usart.o(i.USART1_IRQHandler) for USART1_IRQHandler
    startup_stm32f429xx.o(.text) refers (Special) to heapauxi.o(.text) for __use_two_region_memory
    startup_stm32f429xx.o(.text) refers to system_stm32f4xx.o(i.SystemInit) for SystemInit
    startup_stm32f429xx.o(.text) refers to __main.o(!!!main) for __main
    startup_stm32f429xx.o(.text) refers to startup_stm32f429xx.o(HEAP) for Heap_Mem
    startup_stm32f429xx.o(.text) refers to startup_stm32f429xx.o(STACK) for Stack_Mem
    stm32f4xx_hal.o(i.HAL_DeInit) refers to stm32f4xx_hal.o(i.HAL_MspDeInit) for HAL_MspDeInit
[...]
    i.fputc                                  0x0800220c   Section        0  usart.o(i.fputc)
    i.main                                   0x08002220   Section        0  main.o(i.main)
    i.prvAddCurrentTaskToDelayedList         0x08002280   Section        0  tasks.o(i.prvAddCurrentTaskToDelayedList)
    prvAddCurrentTaskToDelayedList           0x08002281   Thumb Code   102  tasks.o(i.prvAddCurrentTaskToDelayedList)
    i.prvAddNewTaskToReadyList               0x080022f0   Section        0  tasks.o(i.prvAddNewTaskToReadyList)
    prvAddNewTaskToReadyList                 0x080022f1   Thumb Code   192  tasks.o(i.prvAddNewTaskToReadyList)
    i.prvCheckForValidListAndQueue           0x080023c0   Section        0  timers.o(i.prvCheckForValidListAndQueue)
    prvCheckForValidListAndQueue             0x080023c1   Thumb Code    62  timers.o(i.prvCheckForValidListAndQueue)
    i.prvCheckTasksWaitingTermination        0x08002410   Section        0  tasks.o(i.prvCheckTasksWaitingTermination)
    prvCheckTasksWaitingTermination          0x08002411   Thumb Code    74  tasks.o(i.prvCheckTasksWaitingTermination)
    i.prvCopyDataFromQueue                   0x08002464   Section        0  queue.o(i.prvCopyDataFromQueue)
    prvCopyDataFromQueue                     0x08002465   Thumb Code    38  queue.o(i.prvCopyDataFromQueue)
    i.prvCopyDataToQueue                     0x0800248a   Section        0  queue.o(i.prvCopyDataToQueue)
    prvCopyDataToQueue                       0x0800248b   Thumb Code   108  queue.o(i.prvCopyDataToQueue)
    i.prvDeleteTCB                           0x080024f6   Section        0  tasks.o(i.prvDeleteTCB)
    prvDeleteTCB                             0x080024f7   Thumb Code    20  tasks.o(i.prvDeleteTCB)
    i.prvHeapInit                            0x0800250c   Section        0  heap_4.o(i.prvHeapInit)
    prvHeapInit                              0x0800250d   Thumb Code    66  heap_4.o(i.prvHeapInit)
    i.prvIdleTask                            0x08002558   Section        0  tasks.o(i.prvIdleTask)
    prvIdleTask                              0x08002559   Thumb Code    30  tasks.o(i.prvIdleTask)
    i.prvInitialiseNewTask                   0x08002580   Section        0  tasks.o(i.prvInitialiseNewTask)
    prvInitialiseNewTask                     0x08002581   Thumb Code   154  tasks.o(i.prvInitialiseNewTask)
    i.prvInsertBlockIntoFreeList             0x08002640   Section        0  heap_4.o(i.prvInsertBlockIntoFreeList)
    prvInsertBlockIntoFreeList               0x08002641   Thumb Code    72  heap_4.o(i.prvInsertBlockIntoFreeList)
    i.prvInsertTimerInActiveList             0x0800268c   Section        0  timers.o(i.prvInsertTimerInActiveList)
    prvInsertTimerInActiveList               0x0800268d   Thumb Code    52  timers.o(i.prvInsertTimerInActiveList)
    i.prvIsQueueEmpty                        0x080026c4   Section        0  queue.o(i.prvIsQueueEmpty)
    prvIsQueueEmpty                          0x080026c5   Thumb Code    26  queue.o(i.prvIsQueueEmpty)
    i.prvNotifyQueueSetContainer             0x080026e0   Section        0  queue.o(i.prvNotifyQueueSetContainer)
    prvNotifyQueueSetContainer               0x080026e1   Thumb Code   108  queue.o(i.prvNotifyQueueSetContainer)
    i.prvProcessExpiredTimer                 0x08002770   Section        0  timers.o(i.prvProcessExpiredTimer)
    prvProcessExpiredTimer                   0x08002771   Thumb Code    86  timers.o(i.prvProcessExpiredTimer)
    i.prvProcessReceivedCommands             0x080027d0   Section        0  timers.o(i.prvProcessReceivedCommands)
    prvProcessReceivedCommands               0x080027d1   Thumb Code   196  timers.o(i.prvProcessReceivedCommands)
    i.prvProcessTimerOrBlockTask             0x080028c0   Section        0  timers.o(i.prvProcessTimerOrBlockTask)
    prvProcessTimerOrBlockTask               0x080028c1   Thumb Code    98  timers.o(i.prvProcessTimerOrBlockTask)
    i.prvResetNextTaskUnblockTime            0x0800292c   Section        0  tasks.o(i.prvResetNextTaskUnblockTime)
    prvResetNextTaskUnblockTime              0x0800292d   Thumb Code    26  tasks.o(i.prvResetNextTaskUnblockTime)
    i.prvSampleTimeNow                       0x0800294c   Section        0  timers.o(i.prvSampleTimeNow)
    prvSampleTimeNow                         0x0800294d   Thumb Code    36  timers.o(i.prvSampleTimeNow)
    i.prvSwitchTimerLists                    0x08002974   Section        0  timers.o(i.prvSwitchTimerLists)
    prvSwitchTimerLists                      0x08002975   Thumb Code   100  timers.o(i.prvSwitchTimerLists)
    i.prvTaskExitError                       0x080029e0   Section        0  port.o(i.prvTaskExitError)
    prvTaskExitError                         0x080029e1   Thumb Code    36  port.o(i.prvTaskExitError)
    i.prvTaskIsTaskSuspended                 0x08002a44   Section        0  tasks.o(i.prvTaskIsTaskSuspended)
    prvTaskIsTaskSuspended                   0x08002a45   Thumb Code    44  tasks.o(i.prvTaskIsTaskSuspended)
    i.prvTimerTask                           0x08002a98   Section        0  timers.o(i.prvTimerTask)
    prvTimerTask                             0x08002a99   Thumb Code    34  timers.o(i.prvTimerTask)
    i.prvUnlockQueue                         0x08002ac0   Section        0  queue.o(i.prvUnlockQueue)
    prvUnlockQueue                           0x08002ac1   Thumb Code   120  queue.o(i.prvUnlockQueue)
    i.pvPortMalloc                           0x08002b38   Section        0  heap_4.o(i.pvPortMalloc)
    i.pvTaskIncrementMutexHeldCount          0x08002c4c   Section        0  tasks.o(i.pvTaskIncrementMutexHeldCount)
    i.pxPortInitialiseStack                  0x08002c64   Section        0  port.o(i.pxPortInitialiseStack)
    i.start_task                             0x08002c90   Section        0  main.o(i.start_task)
    i.uart_init                              0x08002d3c   Section        0  usart.o(i.uart_init)
    i.usart_task                             0x08002d74   Section        0  main.o(i.usart_task)
    i.uxListRemove                           0x08002dd0   Section        0  list.o(i.uxListRemove)
    i.vListInitialise                        0x08002df4   Section        0  list.o(i.vListInitialise)
    i.vListInitialiseItem                    0x08002e0a   Section        0  list.o(i.vListInitialiseItem)
    i.vListInsert                            0x08002e10   Section        0  list.o(i.vListInsert)
    i.vListInsertEnd                         0x08002e40   Section        0  list.o(i.vListInsertEnd)
    i.vPortEnterCritical                     0x08002e58   Section        0  port.o(i.vPortEnterCritical)
    i.vPortExitCritical                      0x08002ed0   Section        0  port.o(i.vPortExitCritical)
    i.vPortFree                              0x08002f34   Section        0  heap_4.o(i.vPortFree)
    i.vPortSetupTimerInterrupt               0x08002fd0   Section        0  port.o(i.vPortSetupTimerInterrupt)
    i.vPortValidateInterruptPriority         0x08002ff0   Section        0  port.o(i.vPortValidateInterruptPriority)
    i.vQueueAddToRegistry                    0x0800307c   Section        0  queue.o(i.vQueueAddToRegistry)
    i.vQueueWaitForMessageRestricted         0x080030a0   Section        0  queue.o(i.vQueueWaitForMessageRestricted)
    i.vTaskDelay                             0x080030e4   Section        0  tasks.o(i.vTaskDelay)
    i.vTaskDelete                            0x08003150   Section        0  tasks.o(i.vTaskDelete)
    i.vTaskMissedYield                       0x0800321c   Section        0  tasks.o(i.vTaskMissedYield)
    i.vTaskPlaceOnEventList                  0x08003228   Section        0  tasks.o(i.vTaskPlaceOnEventList)
    i.vTaskPlaceOnEventListRestricted        0x0800327c   Section        0  tasks.o(i.vTaskPlaceOnEventListRestricted)
    i.vTaskPriorityInherit                   0x080032d8   Section        0  tasks.o(i.vTaskPriorityInherit)
    i.vTaskResume                            0x0800335c   Section        0  tasks.o(i.vTaskResume)
    i.vTaskSetTimeOutState                   0x080033fc   Section        0  tasks.o(i.vTaskSetTimeOutState)
    i.vTaskStartScheduler                    0x08003444   Section        0  tasks.o(i.vTaskStartScheduler)
    i.vTaskSuspend                           0x080034d8   Section        0  tasks.o(i.vTaskSuspend)
    i.vTaskSuspendAll                        0x080035a8   Section        0  tasks.o(i.vTaskSuspendAll)
    i.vTaskSwitchContext                     0x080035b8   Section        0  tasks.o(i.vTaskSwitchContext)
    i.xPortStartScheduler                    0x08003634   Section        0  port.o(i.xPortStartScheduler)
    i.xPortSysTickHandler                    0x08003748   Section        0  port.o(i.xPortSysTickHandler)
    i.xQueueGenericCreate                    0x08003774   Section        0  queue.o(i.xQueueGenericCreate)
    i.xQueueGenericReceive                   0x080037ec   Section        0  queue.o(i.xQueueGenericReceive)
    i.xQueueGenericReset                     0x08003970   Section        0  queue.o(i.xQueueGenericReset)
    i.xQueueGenericSend                      0x08003a18   Section        0  queue.o(i.xQueueGenericSend)
    i.xQueueGenericSendFromISR               0x08003ba0   Section        0  queue.o(i.xQueueGenericSendFromISR)
    i.xTaskCheckForTimeOut                   0x08003c80   Section        0  tasks.o(i.xTaskCheckForTimeOut)
    i.xTaskCreate                            0x08003d08   Section        0  tasks.o(i.xTaskCreate)
    i.xTaskGetSchedulerState                 0x08003d60   Section        0  tasks.o(i.xTaskGetSchedulerState)
    i.xTaskGetTickCount                      0x08003d7c   Section        0  tasks.o(i.xTaskGetTickCount)
    i.xTaskIncrementTick                     0x08003d88   Section        0  tasks.o(i.xTaskIncrementTick)
    i.xTaskPriorityDisinherit                0x08003e70   Section        0  tasks.o(i.xTaskPriorityDisinherit)
    i.xTaskRemoveFromEventList               0x08003f24   Section        0  tasks.o(i.xTaskRemoveFromEventList)
    i.xTaskResumeAll                         0x08003fbc   Section        0  tasks.o(i.xTaskResumeAll)
    i.xTimerCreate                           0x080040a0   Section        0  timers.o(i.xTimerCreate)
    i.xTimerCreateTimerTask                  0x08004114   Section        0  timers.o(i.xTimerCreateTimerTask)
    i.xTimerGenericCommand                   0x08004188   Section        0  timers.o(i.xTimerGenericCommand)
    x$fpl$d2f                                0x08004218   Section       98  d2f.o(x$fpl$d2f)
    $v0                                      0x08004218   Number         0  d2f.o(x$fpl$d2f)
    x$fpl$dfltu                              0x0800427a   Section       38  dflt_clz.o(x$fpl$dfltu)
    $v0                                      0x0800427a   Number         0  dflt_clz.o(x$fpl$dfltu)
    x$fpl$dmul                               0x080042a0   Section      340  dmul.o(x$fpl$dmul)
    $v0                                      0x080042a0   Number         0  dmul.o(x$fpl$dmul)
    x$fpl$dnaninf                            0x080043f4   Section      156  dnaninf.o(x$fpl$dnaninf)
    $v0                                      0x080043f4   Number         0  dnaninf.o(x$fpl$dnaninf)
    x$fpl$dretinf                            0x08004490   Section       12  dretinf.o(x$fpl$dretinf)
    $v0                                      0x08004490   Number         0  dretinf.o(x$fpl$dretinf)
    x$fpl$fpinit                             0x0800449c   Section       10  fpinit.o(x$fpl$fpinit)
    $v0                                      0x0800449c   Number         0  fpinit.o(x$fpl$fpinit)
    x$fpl$fretinf                            0x080044a6   Section       10  fretinf.o(x$fpl$fretinf)
    $v0                                      0x080044a6   Number         0  fretinf.o(x$fpl$fretinf)
    .constdata                               0x080044b0   Section       16  stm32f4xx_hal_rcc.o(.constdata)
    x$fpl$usenofp                            0x080044b0   Section        0  usenofp.o(x$fpl$usenofp)
    .constdata                               0x080044c0   Section    18240  lcd.o(.constdata)
    .data                                    0x20000000   Section       24  main.o(.data)
    .data                                    0x20000018   Section       20  system_stm32f4xx.o(.data)
    .data                                    0x2000002c   Section        4  stm32f4xx_hal.o(.data)
    uwTick                                   0x2000002c   Data           4  stm32f4xx_hal.o(.data)
    .data                                    0x20000030   Section        8  delay.o(.data)
    fac_ms                                   0x20000030   Data           2  delay.o(.data)
    fac_us                                   0x20000034   Data           4  delay.o(.data)
    .data                                    0x20000038   Section        4  usart.o(.data)
    .data                                    0x2000003c   Section        4  usart.o(.data)
    .data                                    0x20000040   Section        1  key.o(.data)
    key_up                                   0x20000040   Data           1  key.o(.data)
    .data                                    0x20000044   Section        8  lcd.o(.data)
    .data                                    0x2000004c   Section       60  tasks.o(.data)
    uxDeletedTasksWaitingCleanUp             0x20000050   Data           4  tasks.o(.data)
    uxCurrentNumberOfTasks                   0x20000054   Data           4  tasks.o(.data)
    xTickCount                               0x20000058   Data           4  tasks.o(.data)
    uxTopReadyPriority                       0x2000005c   Data           4  tasks.o(.data)
    xSchedulerRunning                        0x20000060   Data           4  tasks.o(.data)
    uxPendedTicks                            0x20000064   Data           4  tasks.o(.data)
    xYieldPending                            0x20000068   Data           4  tasks.o(.data)
    xNumOfOverflows                          0x2000006c   Data           4  tasks.o(.data)
    uxTaskNumber                             0x20000070   Data           4  tasks.o(.data)
    xNextTaskUnblockTime                     0x20000074   Data           4  tasks.o(.data)
    xIdleTaskHandle                          0x20000078   Data           4  tasks.o(.data)
    uxSchedulerSuspended                     0x2000007c   Data           4  tasks.o(.data)
    pxDelayedTaskList                        0x20000080   Data           4  tasks.o(.data)
    pxOverflowDelayedTaskList                0x20000084   Data           4  tasks.o(.data)
    .data                                    0x20000088   Section       20  timers.o(.data)
    xTimerQueue                              0x20000088   Data           4  timers.o(.data)
    xTimerTaskHandle                         0x2000008c   Data           4  timers.o(.data)
    xLastTime                                0x20000090   Data           4  timers.o(.data)
    pxCurrentTimerList                       0x20000094   Data           4  timers.o(.data)
    pxOverflowTimerList                      0x20000098   Data           4  timers.o(.data)
    .data                                    0x2000009c   Section       12  port.o(.data)
    ucMaxSysCallPriority                     0x2000009c   Data           1  port.o(.data)
    uxCriticalNesting                        0x200000a0   Data           4  port.o(.data)
    ulMaxPRIGROUPValue                       0x200000a4   Data           4  port.o(.data)
    .data                                    0x200000a8   Section       24  heap_4.o(.data)
    pxEnd                                    0x200000a8   Data           4  heap_4.o(.data)
    xFreeBytesRemaining                      0x200000ac   Data           4  heap_4.o(.data)
    xMinimumEverFreeBytesRemaining           0x200000b0   Data           4  heap_4.o(.data)
    xBlockAllocatedBit                       0x200000b4   Data           4  heap_4.o(.data)
    xStart                                   0x200000b8   Data           8  heap_4.o(.data)
    .bss                                     0x200000c0   Section     4096  main.o(.bss)
    .bss                                     0x200010c0   Section      264  usart.o(.bss)
    .bss                                     0x200011c8   Section       68  adc.o(.bss)
    .bss                                     0x2000120c   Section       20  dac.o(.bss)
    .bss                                     0x20001220   Section       94  lcd.o(.bss)
    .bss                                     0x20001280   Section       64  queue.o(.bss)
    .bss                                     0x200012c0   Section      740  tasks.o(.bss)
    pxReadyTasksLists                        0x200012c0   Data         640  tasks.o(.bss)
    xDelayedTaskList1                        0x20001540   Data          20  tasks.o(.bss)
    xDelayedTaskList2                        0x20001554   Data          20  tasks.o(.bss)
    xPendingReadyList                        0x20001568   Data          20  tasks.o(.bss)
    xTasksWaitingTermination                 0x2000157c   Data          20  tasks.o(.bss)
    xSuspendedTaskList                       0x20001590   Data          20  tasks.o(.bss)
    .bss                                     0x200015a4   Section       40  timers.o(.bss)
    xActiveTimerList1                        0x200015a4   Data          20  timers.o(.bss)
    xActiveTimerList2                        0x200015b8   Data          20  timers.o(.bss)
    .bss                                     0x200015cc   Section    47104  heap_4.o(.bss)
    ucHeap                                   0x200015cc   Data       47104  heap_4.o(.bss)
    .bss                                     0x2000cdcc   Section       96  libspace.o(.bss)
    HEAP                                     0x2000ce30   Section      512  startup_stm32f429xx.o(HEAP)
    Heap_Mem                                 0x2000ce30   Data         512  startup_stm32f429xx.o(HEAP)
    STACK                                    0x2000d030   Section     1024  startup_stm32f429xx.o(STACK)
    Stack_Mem                                0x2000d030   Data        1024  startup_stm32f429xx.o(STACK)
    __initial_sp                             0x2000d430   Data           0  startup_stm32f429xx.o(STACK)

    Global Symbols

    Symbol Name                              Value     Ov Type        Size  Object(Section)

    BuildAttributes$$THM_ISAv4$E$P$D$K$B$S$7EM$VFPi3$EXTD16$VFPS$VFMA$PE$A:L22UL41UL21$X:L11$S22US41US21$IEEE1$IW$USESV6$~STKCKD$USESV7$~SHL$OSPACE$ROPI$EBA8$UX$STANDARDLIB$REQ8$PRES8$EABIv2 0x00000000   Number         0  anon$$obj.o ABSOLUTE
    __ARM_use_no_argv                        0x00000000   Number         0  main.o ABSOLUTE
    __ARM_exceptions_init                     - Undefined Weak Reference
    __alloca_initialize                       - Undefined Weak Reference
    __arm_fini_                               - Undefined Weak Reference
    __arm_preinit_                            - Undefined Weak Reference
    __cpp_initialize__aeabi_                  - Undefined Weak Reference
    __cxa_finalize                            - Undefined Weak Reference
    __rt_locale                               - Undefined Weak Reference
    __sigvec_lookup                           - Undefined Weak Reference
    _atexit_init                              - Undefined Weak Reference
    _call_atexit_fns                          - Undefined Weak Reference
    _clock_init                               - Undefined Weak Reference
    _fp_trap_init                             - Undefined Weak Reference
    _fp_trap_shutdown                         - Undefined Weak Reference
    _get_lc_collate                           - Undefined Weak Reference
    _get_lc_ctype                             - Undefined Weak Reference
    _get_lc_monetary                          - Undefined Weak Reference
    _get_lc_numeric                           - Undefined Weak Reference
    _get_lc_time                              - Undefined Weak Reference
    _getenv_init                              - Undefined Weak Reference
    _handle_redirection                       - Undefined Weak Reference
    _init_alloc                               - Undefined Weak Reference
    _init_user_alloc                          - Undefined Weak Reference
    _initio                                   - Undefined Weak Reference
    _mutex_acquire                            - Undefined Weak Reference
    _mutex_release                            - Undefined Weak Reference
    _printf_mbtowc                            - Undefined Weak Reference
    _printf_post_padding                      - Undefined Weak Reference
    _printf_pre_padding                       - Undefined Weak Reference
    _printf_truncate_signed                   - Undefined Weak Reference
    _printf_truncate_unsigned                 - Undefined Weak Reference
    _rand_init                                - Undefined Weak Reference
    _signal_finish                            - Undefined Weak Reference
    _signal_init                              - Undefined Weak Reference
    _terminate_alloc                          - Undefined Weak Reference
    _terminate_user_alloc                     - Undefined Weak Reference
    _terminateio                              - Undefined Weak Reference
    __Vectors_Size                           0x000001ac   Number         0  startup_stm32f429xx.o ABSOLUTE
    __Vectors                                0x08000000   Data           4  startup_stm32f429xx.o(RESET)
    __Vectors_End                            0x080001ac   Data           0  startup_stm32f429xx.o(RESET)
    __main                                   0x080001ad   Thumb Code     8  __main.o(!!!main)
    __scatterload                            0x080001b5   Thumb Code     0  __scatter.o(!!!scatter)
    __scatterload_rt2                        0x080001b5   Thumb Code    44  __scatter.o(!!!scatter)
    __scatterload_rt2_thumb_only             0x080001b5   Thumb Code     0  __scatter.o(!!!scatter)
    __scatterload_null                       0x080001c3   Thumb Code     0  __scatter.o(!!!scatter)
    __scatterload_copy                       0x080001e9   Thumb Code    26  __scatter_copy.o(!!handler_copy)
    __scatterload_zeroinit                   0x08000205   Thumb Code    28  __scatter_zi.o(!!handler_zi)
    _printf_d                                0x08000221   Thumb Code     0  _printf_d.o(.ARM.Collect$$_printf_percent$$00000009)
    _printf_percent                          0x08000221   Thumb Code     0  _printf_percent.o(.ARM.Collect$$_printf_percent$$00000000)
    _printf_s                                0x08000227   Thumb Code     0  _printf_s.o(.ARM.Collect$$_printf_percent$$00000014)
    _printf_percent_end                      0x0800022d   Thumb Code     0  _printf_percent_end.o(.ARM.Collect$$_printf_percent$$00000017)
    __rt_lib_init                            0x08000231   Thumb Code     0  libinit.o(.ARM.Collect$$libinit$$00000000)
    __rt_lib_init_fp_1                       0x08000233   Thumb Code     0  libinit2.o(.ARM.Collect$$libinit$$00000001)
    __rt_lib_init_alloca_1                   0x08000237   Thumb Code     0  libinit2.o(.ARM.Collect$$libinit$$0000002E)
    __rt_lib_init_argv_1                     0x08000237   Thumb Code     0  libinit2.o(.ARM.Collect$$libinit$$0000002C)
    __rt_lib_init_atexit_1                   0x08000237   Thumb Code     0  libinit2.o(.ARM.Collect$$libinit$$0000001B)
    __rt_lib_init_clock_1                    0x08000237   Thumb Code     0  libinit2.o(.ARM.Collect$$libinit$$00000021)
    __rt_lib_init_cpp_1                      0x08000237   Thumb Code     0  libinit2.o(.ARM.Collect$$libinit$$00000032)
    __rt_lib_init_exceptions_1               0x08000237   Thumb Code     0  libinit2.o(.ARM.Collect$$libinit$$00000030)
    __rt_lib_init_fp_trap_1                  0x08000237   Thumb Code     0  libinit2.o(.ARM.Collect$$libinit$$0000001F)
    __rt_lib_init_getenv_1                   0x08000237   Thumb Code     0  libinit2.o(.ARM.Collect$$libinit$$00000023)
    __rt_lib_init_heap_1                     0x08000237   Thumb Code     0  libinit2.o(.ARM.Collect$$libinit$$0000000A)
    __rt_lib_init_lc_collate_1               0x08000237   Thumb Code     0  libinit2.o(.ARM.Collect$$libinit$$00000011)
    __rt_lib_init_lc_ctype_1                 0x08000237   Thumb Code     0  libinit2.o(.ARM.Collect$$libinit$$00000013)
    __rt_lib_init_lc_monetary_1              0x08000237   Thumb Code     0  libinit2.o(.ARM.Collect$$libinit$$00000015)
    __rt_lib_init_lc_numeric_1               0x08000237   Thumb Code     0  libinit2.o(.ARM.Collect$$libinit$$00000017)
    __rt_lib_init_lc_time_1                  0x08000237   Thumb Code     0  libinit2.o(.ARM.Collect$$libinit$$00000019)
    __rt_lib_init_preinit_1                  0x08000237   Thumb Code     0  libinit2.o(.ARM.Collect$$libinit$$00000004)
    __rt_lib_init_rand_1                     0x08000237   Thumb Code     0  libinit2.o(.ARM.Collect$$libinit$$0000000E)
    __rt_lib_init_return                     0x08000237   Thumb Code     0  libinit2.o(.ARM.Collect$$libinit$$00000033)
    __rt_lib_init_signal_1                   0x08000237   Thumb Code     0  libinit2.o(.ARM.Collect$$libinit$$0000001D)
    __rt_lib_init_stdio_1                    0x08000237   Thumb Code     0  libinit2.o(.ARM.Collect$$libinit$$00000025)
    __rt_lib_init_user_alloc_1               0x08000237   Thumb Code     0  libinit2.o(.ARM.Collect$$libinit$$0000000C)
    __rt_lib_shutdown                        0x08000239   Thumb Code     0  libshutdown.o(.ARM.Collect$$libshutdown$$00000000)
    __rt_lib_shutdown_cpp_1                  0x0800023b   Thumb Code     0  libshutdown2.o(.ARM.Collect$$libshutdown$$00000004)
    __rt_lib_shutdown_fini_1                 0x0800023b   Thumb Code     0  libshutdown2.o(.ARM.Collect$$libshutdown$$00000002)
    __rt_lib_shutdown_fp_trap_1              0x0800023b   Thumb Code     0  libshutdown2.o(.ARM.Collect$$libshutdown$$00000009)
    __rt_lib_shutdown_heap_1                 0x0800023b   Thumb Code     0  libshutdown2.o(.ARM.Collect$$libshutdown$$00000011)
    __rt_lib_shutdown_return                 0x0800023b   Thumb Code     0  libshutdown2.o(.ARM.Collect$$libshutdown$$00000012)
    __rt_lib_shutdown_signal_1               0x0800023b   Thumb Code     0  libshutdown2.o(.ARM.Collect$$libshutdown$$0000000C)
    __rt_lib_shutdown_stdio_1                0x0800023b   Thumb Code     0  libshutdown2.o(.ARM.Collect$$libshutdown$$00000006)
    __rt_lib_shutdown_user_alloc_1           0x0800023b   Thumb Code     0  libshutdown2.o(.ARM.Collect$$libshutdown$$0000000E)
    __rt_entry                               0x0800023d   Thumb Code     0  __rtentry.o(.ARM.Collect$$rtentry$$00000000)
    __rt_entry_presh_1                       0x0800023d   Thumb Code     0  __rtentry2.o(.ARM.Collect$$rtentry$$00000002)
    __rt_entry_sh                            0x0800023d   Thumb Code     0  __rtentry4.o(.ARM.Collect$$rtentry$$00000004)
    __rt_entry_li                            0x08000243   Thumb Code     0  __rtentry2.o(.ARM.Collect$$rtentry$$0000000A)
    __rt_entry_postsh_1                      0x08000243   Thumb Code     0  __rtentry2.o(.ARM.Collect$$rtentry$$00000009)
    __rt_entry_main                          0x08000247   Thumb Code     0  __rtentry2.o(.ARM.Collect$$rtentry$$0000000D)
    __rt_entry_postli_1                      0x08000247   Thumb Code     0  __rtentry2.o(.ARM.Collect$$rtentry$$0000000C)
    __rt_exit                                0x0800024f   Thumb Code     0  rtexit.o(.ARM.Collect$$rtexit$$00000000)
    __rt_exit_ls                             0x08000251   Thumb Code     0  rtexit2.o(.ARM.Collect$$rtexit$$00000003)
    __rt_exit_prels_1                        0x08000251   Thumb Code     0  rtexit2.o(.ARM.Collect$$rtexit$$00000002)
    __rt_exit_exit                           0x08000255   Thumb Code     0  rtexit2.o(.ARM.Collect$$rtexit$$00000004)
    SVC_Handler                              0x0800025d   Thumb Code    28  port.o(.emb_text)
    __asm___6_port_c_39a90d8d__prvStartFirstTask 0x0800027d   Thumb Code    28  port.o(.emb_text)
    __asm___6_port_c_39a90d8d__prvEnableVFP  0x0800029d   Thumb Code    16  port.o(.emb_text)
    PendSV_Handler                           0x080002b1   Thumb Code    88  port.o(.emb_text)
    vPortGetIPSR                             0x0800030d   Thumb Code     6  port.o(.emb_text)
    Reset_Handler                            0x08000315   Thumb Code     8  startup_stm32f429xx.o(.text)
    ADC_IRQHandler                           0x0800032f   Thumb Code     0  startup_stm32f429xx.o(.text)
    CAN1_RX0_IRQHandler                      0x0800032f   Thumb Code     0  startup_stm32f429xx.o(.text)
    CAN1_RX1_IRQHandler                      0x0800032f   Thumb Code     0  startup_stm32f429xx.o(.text)
    CAN1_SCE_IRQHandler                      0x0800032f   Thumb Code     0  startup_stm32f429xx.o(.text)
    CAN1_TX_IRQHandler                       0x0800032f   Thumb Code     0  startup_stm32f429xx.o(.text)
    CAN2_RX0_IRQHandler                      0x0800032f   Thumb Code     0  startup_stm32f429xx.o(.text)
    CAN2_RX1_IRQHandler                      0x0800032f   Thumb Code     0  startup_stm32f429xx.o(.text)
    CAN2_SCE_IRQHandler                      0x0800032f   Thumb Code     0  startup_stm32f429xx.o(.text)
    CAN2_TX_IRQHandler                       0x0800032f   Thumb Code     0  startup_stm32f429xx.o(.text)
    DCMI_IRQHandler                          0x0800032f   Thumb Code     0  startup_stm32f429xx.o(.text)
    DMA1_Stream0_IRQHandler                  0x0800032f   Thumb Code     0  startup_stm32f429xx.o(.text)
    DMA1_Stream1_IRQHandler                  0x0800032f   Thumb Code     0  startup_stm32f429xx.o(.text)
    DMA1_Stream2_IRQHandler                  0x0800032f   Thumb Code     0  startup_stm32f429xx.o(.text)
    DMA1_Stream3_IRQHandler                  0x0800032f   Thumb Code     0  startup_stm32f429xx.o(.text)
    DMA1_Stream4_IRQHandler                  0x0800032f   Thumb Code     0  startup_stm32f429xx.o(.text)
    DMA1_Stream5_IRQHandler                  0x0800032f   Thumb Code     0  startup_stm32f429xx.o(.text)
    DMA1_Stream6_IRQHandler                  0x0800032f   Thumb Code     0  startup_stm32f429xx.o(.text)
    DMA1_Stream7_IRQHandler                  0x0800032f   Thumb Code     0  startup_stm32f429xx.o(.text)
    DMA2D_IRQHandler                         0x0800032f   Thumb Code     0  startup_stm32f429xx.o(.text)
    DMA2_Stream0_IRQHandler                  0x0800032f   Thumb Code     0  startup_stm32f429xx.o(.text)
    DMA2_Stream1_IRQHandler                  0x0800032f   Thumb Code     0  startup_stm32f429xx.o(.text)
    DMA2_Stream2_IRQHandler                  0x0800032f   Thumb Code     0  startup_stm32f429xx.o(.text)
    DMA2_Stream3_IRQHandler                  0x0800032f   Thumb Code     0  startup_stm32f429xx.o(.text)
    DMA2_Stream4_IRQHandler                  0x0800032f   Thumb Code     0  startup_stm32f429xx.o(.text)
    DMA2_Stream5_IRQHandler                  0x0800032f   Thumb Code     0  startup_stm32f429xx.o(.text)
    DMA2_Stream6_IRQHandler                  0x0800032f   Thumb Code     0  startup_stm32f429xx.o(.text)
    DMA2_Stream7_IRQHandler                  0x0800032f   Thumb Code     0  startup_stm32f429xx.o(.text)
    ETH_IRQHandler                           0x0800032f   Thumb Code     0  startup_stm32f429xx.o(.text)
    ETH_WKUP_IRQHandler                      0x0800032f   Thumb Code     0  startup_stm32f429xx.o(.text)
    EXTI0_IRQHandler                         0x0800032f   Thumb Code     0  startup_stm32f429xx.o(.text)
    EXTI15_10_IRQHandler                     0x0800032f   Thumb Code     0  startup_stm32f429xx.o(.text)
    EXTI1_IRQHandler                         0x0800032f   Thumb Code     0  startup_stm32f429xx.o(.text)
    EXTI2_IRQHandler                         0x0800032f   Thumb Code     0  startup_stm32f429xx.o(.text)
    EXTI3_IRQHandler                         0x0800032f   Thumb Code     0  startup_stm32f429xx.o(.text)
    EXTI4_IRQHandler                         0x0800032f   Thumb Code     0  startup_stm32f429xx.o(.text)
    EXTI9_5_IRQHandler                       0x0800032f   Thumb Code     0  startup_stm32f429xx.o(.text)
    FLASH_IRQHandler                         0x0800032f   Thumb Code     0  startup_stm32f429xx.o(.text)
    FMC_IRQHandler                           0x0800032f   Thumb Code     0  startup_stm32f429xx.o(.text)
    FPU_IRQHandler                           0x0800032f   Thumb Code     0  startup_stm32f429xx.o(.text)
    HASH_RNG_IRQHandler                      0x0800032f   Thumb Code     0  startup_stm32f429xx.o(.text)
    I2C1_ER_IRQHandler                       0x0800032f   Thumb Code     0  startup_stm32f429xx.o(.text)
    I2C1_EV_IRQHandler                       0x0800032f   Thumb Code     0  startup_stm32f429xx.o(.text)
    I2C2_ER_IRQHandler                       0x0800032f   Thumb Code     0  startup_stm32f429xx.o(.text)
    I2C2_EV_IRQHandler                       0x0800032f   Thumb Code     0  startup_stm32f429xx.o(.text)
    I2C3_ER_IRQHandler                       0x0800032f   Thumb Code     0  startup_stm32f429xx.o(.text)
    I2C3_EV_IRQHandler                       0x0800032f   Thumb Code     0  startup_stm32f429xx.o(.text)
    LTDC_ER_IRQHandler                       0x0800032f   Thumb Code     0  startup_stm32f429xx.o(.text)
    LTDC_IRQHandler                          0x0800032f   Thumb Code     0  startup_stm32f429xx.o(.text)
    OTG_FS_IRQHandler                        0x0800032f   Thumb Code     0  startup_stm32f429xx.o(.text)
    OTG_FS_WKUP_IRQHandler                   0x0800032f   Thumb Code     0  startup_stm32f429xx.o(.text)
    OTG_HS_EP1_IN_IRQHandler                 0x0800032f   Thumb Code     0  startup_stm32f429xx.o(.text)
    OTG_HS_EP1_OUT_IRQHandler                0x0800032f   Thumb Code     0  startup_stm32f429xx.o(.text)
    OTG_HS_IRQHandler                        0x0800032f   Thumb Code     0  startup_stm32f429xx.o(.text)
    OTG_HS_WKUP_IRQHandler                   0x0800032f   Thumb Code     0  startup_stm32f429xx.o(.text)
    PVD_IRQHandler                           0x0800032f   Thumb Code     0  startup_stm32f429xx.o(.text)
    RCC_IRQHandler                           0x0800032f   Thumb Code     0  startup_stm32f429xx.o(.text)
    RTC_Alarm_IRQHandler                     0x0800032f   Thumb Code     0  startup_stm32f429xx.o(.text)
    RTC_WKUP_IRQHandler                      0x0800032f   Thumb Code     0  startup_stm32f429xx.o(.text)
    SAI1_IRQHandler                          0x0800032f   Thumb Code     0  startup_stm32f429xx.o(.text)
    SDIO_IRQHandler                          0x0800032f   Thumb Code     0  startup_stm32f429xx.o(.text)
    SPI1_IRQHandler                          0x0800032f   Thumb Code     0  startup_stm32f429xx.o(.text)
    SPI2_IRQHandler                          0x0800032f   Thumb Code     0  startup_stm32f429xx.o(.text)
    SPI3_IRQHandler                          0x0800032f   Thumb Code     0  startup_stm32f429xx.o(.text)
    SPI4_IRQHandler                          0x0800032f   Thumb Code     0  startup_stm32f429xx.o(.text)
    SPI5_IRQHandler                          0x0800032f   Thumb Code     0  startup_stm32f429xx.o(.text)
    SPI6_IRQHandler                          0x0800032f   Thumb Code     0  startup_stm32f429xx.o(.text)
    TAMP_STAMP_IRQHandler                    0x0800032f   Thumb Code     0  startup_stm32f429xx.o(.text)
    TIM1_BRK_TIM9_IRQHandler                 0x0800032f   Thumb Code     0  startup_stm32f429xx.o(.text)
    TIM1_CC_IRQHandler                       0x0800032f   Thumb Code     0  startup_stm32f429xx.o(.text)
    TIM1_TRG_COM_TIM11_IRQHandler            0x0800032f   Thumb Code     0  startup_stm32f429xx.o(.text)
    TIM1_UP_TIM10_IRQHandler                 0x0800032f   Thumb Code     0  startup_stm32f429xx.o(.text)
    TIM2_IRQHandler                          0x0800032f   Thumb Code     0  startup_stm32f429xx.o(.text)
    TIM3_IRQHandler                          0x0800032f   Thumb Code     0  startup_stm32f429xx.o(.text)
    TIM4_IRQHandler                          0x0800032f   Thumb Code     0  startup_stm32f429xx.o(.text)
    TIM5_IRQHandler                          0x0800032f   Thumb Code     0  startup_stm32f429xx.o(.text)
    TIM6_DAC_IRQHandler                      0x0800032f   Thumb Code     0  startup_stm32f429xx.o(.text)
    TIM7_IRQHandler                          0x0800032f   Thumb Code     0  startup_stm32f429xx.o(.text)
    TIM8_BRK_TIM12_IRQHandler                0x0800032f   Thumb Code     0  startup_stm32f429xx.o(.text)
    TIM8_CC_IRQHandler                       0x0800032f   Thumb Code     0  startup_stm32f429xx.o(.text)
    TIM8_TRG_COM_TIM14_IRQHandler            0x0800032f   Thumb Code     0  startup_stm32f429xx.o(.text)
    TIM8_UP_TIM13_IRQHandler                 0x0800032f   Thumb Code     0  startup_stm32f429xx.o(.text)
    UART4_IRQHandler                         0x0800032f   Thumb Code     0  startup_stm32f429xx.o(.text)
    UART5_IRQHandler                         0x0800032f   Thumb Code     0  startup_stm32f429xx.o(.text)
    UART7_IRQHandler                         0x0800032f   Thumb Code     0  startup_stm32f429xx.o(.text)
    UART8_IRQHandler                         0x0800032f   Thumb Code     0  startup_stm32f429xx.o(.text)
    USART2_IRQHandler                        0x0800032f   Thumb Code     0  startup_stm32f429xx.o(.text)
    USART3_IRQHandler                        0x0800032f   Thumb Code     0  startup_stm32f429xx.o(.text)
    USART6_IRQHandler                        0x0800032f   Thumb Code     0  startup_stm32f429xx.o(.text)
    WWDG_IRQHandler                          0x0800032f   Thumb Code     0  startup_stm32f429xx.o(.text)
    __user_initial_stackheap                 0x08000331   Thumb Code     0  startup_stm32f429xx.o(.text)
    __use_no_semihosting                     0x08000355   Thumb Code     2  use_no_semi_2.o(.text)
    __2printf                                0x08000359   Thumb Code    20  noretval__2printf.o(.text)
    __printf                                 0x08000371   Thumb Code   104  __printf.o(.text)
    _printf_str                              0x080003d9   Thumb Code    82  _printf_str.o(.text)
    _printf_int_dec                          0x0800042d   Thumb Code   104  _printf_dec.o(.text)
    __aeabi_memcpy                           0x080004a5   Thumb Code     0  rt_memcpy_v6.o(.text)
    __rt_memcpy                              0x080004a5   Thumb Code   138  rt_memcpy_v6.o(.text)
    _memcpy_lastbytes                        0x0800050b   Thumb Code     0  rt_memcpy_v6.o(.text)
    __aeabi_memset                           0x0800052f   Thumb Code    16  aeabi_memset.o(.text)
    __use_two_region_memory                  0x0800053f   Thumb Code     2  heapauxi.o(.text)
    __rt_heap_escrow$2region                 0x08000541   Thumb Code     2  heapauxi.o(.text)
    __rt_heap_expand$2region                 0x08000543   Thumb Code     2  heapauxi.o(.text)
    __I$use$semihosting                      0x08000545   Thumb Code     0  use_no_semi.o(.text)
    __use_no_semihosting_swi                 0x08000545   Thumb Code     2  use_no_semi.o(.text)
    _printf_int_common                       0x08000547   Thumb Code   178  _printf_intcommon.o(.text)
    _printf_char_common                      0x08000603   Thumb Code    32  _printf_char_common.o(.text)
    _printf_cs_common                        0x08000629   Thumb Code    20  _printf_char.o(.text)
    _printf_char                             0x0800063d   Thumb Code    16  _printf_char.o(.text)
    _printf_string                           0x0800064d   Thumb Code     8  _printf_char.o(.text)
    _printf_char_file                        0x08000655   Thumb Code    32  _printf_char_file.o(.text)
    __aeabi_memcpy4                          0x08000679   Thumb Code     0  rt_memcpy_w.o(.text)
    __aeabi_memcpy8                          0x08000679   Thumb Code     0  rt_memcpy_w.o(.text)
    __rt_memcpy_w                            0x08000679   Thumb Code   100  rt_memcpy_w.o(.text)
    _memcpy_lastbytes_aligned                0x080006c1   Thumb Code     0  rt_memcpy_w.o(.text)
    __aeabi_memclr                           0x080006dd   Thumb Code     0  rt_memclr.o(.text)
    __rt_memclr                              0x080006dd   Thumb Code    68  rt_memclr.o(.text)
    _memset                                  0x080006e1   Thumb Code     0  rt_memclr.o(.text)
    ferror                                   0x08000721   Thumb Code     8  ferror.o(.text)
    __aeabi_memclr4                          0x08000729   Thumb Code     0  rt_memclr_w.o(.text)
    __aeabi_memclr8                          0x08000729   Thumb Code     0  rt_memclr_w.o(.text)
    __rt_memclr_w                            0x08000729   Thumb Code    78  rt_memclr_w.o(.text)
    _memset_w                                0x0800072d   Thumb Code     0  rt_memclr_w.o(.text)
    __user_setup_stackheap                   0x08000777   Thumb Code    74  sys_stackheap_outer.o(.text)
    exit                                     0x080007c1   Thumb Code    18  exit.o(.text)
    __user_libspace                          0x080007d5   Thumb Code     8  libspace.o(.text)
    __user_perproc_libspace                  0x080007d5   Thumb Code     0  libspace.o(.text)
    __user_perthread_libspace                0x080007d5   Thumb Code     0  libspace.o(.text)
    ADC_task                                 0x080007dd   Thumb Code    66  main.o(i.ADC_task)
    BusFault_Handler                         0x08000831   Thumb Code     2  stm32f4xx_it.o(i.BusFault_Handler)
    DAC1_Init                                0x08000835   Thumb Code    42  dac.o(i.DAC1_Init)
    DAC_task                                 0x08000869   Thumb Code    74  main.o(i.DAC_task)
    DebugMon_Handler                         0x080008bd   Thumb Code     2  stm32f4xx_it.o(i.DebugMon_Handler)
    Get_Adc                                  0x080008c1   Thumb Code    50  adc.o(i.Get_Adc)
    HAL_ADC_ConfigChannel                    0x080008f9   Thumb Code   324  stm32f4xx_hal_adc.o(i.HAL_ADC_ConfigChannel)
    HAL_ADC_GetValue                         0x08000a4d   Thumb Code     6  stm32f4xx_hal_adc.o(i.HAL_ADC_GetValue)
    HAL_ADC_PollForConversion                0x08000a53   Thumb Code   108  stm32f4xx_hal_adc.o(i.HAL_ADC_PollForConversion)
    HAL_ADC_Start                            0x08000ac1   Thumb Code   124  stm32f4xx_hal_adc.o(i.HAL_ADC_Start)
    HAL_DAC_ConfigChannel                    0x08000b49   Thumb Code    66  stm32f4xx_hal_dac.o(i.HAL_DAC_ConfigChannel)
    HAL_DAC_Init                             0x08000b8b   Thumb Code    40  stm32f4xx_hal_dac.o(i.HAL_DAC_Init)
    HAL_DAC_MspInit                          0x08000bb5   Thumb Code    66  dac.o(i.HAL_DAC_MspInit)
    HAL_DAC_SetValue                         0x08000c01   Thumb Code    26  stm32f4xx_hal_dac.o(i.HAL_DAC_SetValue)
    HAL_DAC_Start                            0x08000c1b   Thumb Code   108  stm32f4xx_hal_dac.o(i.HAL_DAC_Start)
    HAL_GPIO_Init                            0x08000c89   Thumb Code   422  stm32f4xx_hal_gpio.o(i.HAL_GPIO_Init)
    HAL_GPIO_ReadPin                         0x08000e65   Thumb Code    10  stm32f4xx_hal_gpio.o(i.HAL_GPIO_ReadPin)
    HAL_GPIO_WritePin                        0x08000e6f   Thumb Code    10  stm32f4xx_hal_gpio.o(i.HAL_GPIO_WritePin)
    HAL_GetTick                              0x08000e79   Thumb Code     6  stm32f4xx_hal.o(i.HAL_GetTick)
    HAL_IncTick                              0x08000e85   Thumb Code    10  stm32f4xx_hal.o(i.HAL_IncTick)
    HAL_Init                                 0x08000e95   Thumb Code    48  stm32f4xx_hal.o(i.HAL_Init)
    HAL_InitTick                             0x08000ec9   Thumb Code    34  stm32f4xx_hal.o(i.HAL_InitTick)
    HAL_MspInit                              0x08000eeb   Thumb Code     8  stm32f4xx_hal.o(i.HAL_MspInit)
    HAL_NVIC_EnableIRQ                       0x08000ef3   Thumb Code    22  stm32f4xx_hal_cortex.o(i.HAL_NVIC_EnableIRQ)
    HAL_NVIC_SetPriority                     0x08000f09   Thumb Code    60  stm32f4xx_hal_cortex.o(i.HAL_NVIC_SetPriority)
    HAL_NVIC_SetPriorityGrouping             0x08000f49   Thumb Code    26  stm32f4xx_hal_cortex.o(i.HAL_NVIC_SetPriorityGrouping)
    HAL_PWREx_EnableOverDrive                0x08000f6d   Thumb Code   122  stm32f4xx_hal_pwr_ex.o(i.HAL_PWREx_EnableOverDrive)
    HAL_RCC_ClockConfig                      0x08000ff5   Thumb Code   512  stm32f4xx_hal_rcc.o(i.HAL_RCC_ClockConfig)
    HAL_RCC_GetHCLKFreq                      0x080011fd   Thumb Code    38  stm32f4xx_hal_rcc.o(i.HAL_RCC_GetHCLKFreq)
    HAL_RCC_GetPCLK1Freq                     0x08001231   Thumb Code    36  stm32f4xx_hal_rcc.o(i.HAL_RCC_GetPCLK1Freq)
    HAL_RCC_GetPCLK2Freq                     0x0800125d   Thumb Code    36  stm32f4xx_hal_rcc.o(i.HAL_RCC_GetPCLK2Freq)
    HAL_RCC_GetSysClockFreq                  0x08001289   Thumb Code   104  stm32f4xx_hal_rcc.o(i.HAL_RCC_GetSysClockFreq)
    HAL_RCC_OscConfig                        0x080012fd   Thumb Code   774  stm32f4xx_hal_rcc.o(i.HAL_RCC_OscConfig)
    HAL_SYSTICK_CLKSourceConfig              0x08001619   Thumb Code    24  stm32f4xx_hal_cortex.o(i.HAL_SYSTICK_CLKSourceConfig)
    HAL_SYSTICK_Config                       0x08001631   Thumb Code    40  stm32f4xx_hal_cortex.o(i.HAL_SYSTICK_Config)
    HAL_UART_ErrorCallback                   0x08001659   Thumb Code     2  stm32f4xx_hal_uart.o(i.HAL_UART_ErrorCallback)
    HAL_UART_GetState                        0x0800165b   Thumb Code     6  stm32f4xx_hal_uart.o(i.HAL_UART_GetState)
    HAL_UART_IRQHandler                      0x08001661   Thumb Code   244  stm32f4xx_hal_uart.o(i.HAL_UART_IRQHandler)
    HAL_UART_Init                            0x08001755   Thumb Code    94  stm32f4xx_hal_uart.o(i.HAL_UART_Init)
    HAL_UART_MspInit                         0x080017b5   Thumb Code   112  usart.o(i.HAL_UART_MspInit)
    HAL_UART_Receive_IT                      0x08001831   Thumb Code   104  stm32f4xx_hal_uart.o(i.HAL_UART_Receive_IT)
    HAL_UART_RxCpltCallback                  0x08001899   Thumb Code    76  usart.o(i.HAL_UART_RxCpltCallback)
    HAL_UART_TxCpltCallback                  0x080018f1   Thumb Code     2  stm32f4xx_hal_uart.o(i.HAL_UART_TxCpltCallback)
    HardFault_Handler                        0x080018f3   Thumb Code     2  stm32f4xx_it.o(i.HardFault_Handler)
    KEY_Init                                 0x080018f5   Thumb Code   110  key.o(i.KEY_Init)
    KEY_Scan                                 0x08001975   Thumb Code   200  key.o(i.KEY_Scan)
    KEY_task                                 0x08001a4d   Thumb Code   114  main.o(i.KEY_task)
    LCD_Fast_DrawPoint                       0x08001ad9   Thumb Code   200  lcd.o(i.LCD_Fast_DrawPoint)
    LCD_Pow                                  0x08001ba9   Thumb Code    16  lcd.o(i.LCD_Pow)
    LCD_ShowChar                             0x08001bb9   Thumb Code   196  lcd.o(i.LCD_ShowChar)
    LCD_ShowNum                              0x08001c95   Thumb Code   118  lcd.o(i.LCD_ShowNum)
    LCD_WR_DATA                              0x08001d0d   Thumb Code    20  lcd.o(i.LCD_WR_DATA)
    LCD_WR_REG                               0x08001d25   Thumb Code    20  lcd.o(i.LCD_WR_REG)
    LED_Init                                 0x08001d3d   Thumb Code    68  led.o(i.LED_Init)
    MemManage_Handler                        0x08001d89   Thumb Code     2  stm32f4xx_it.o(i.MemManage_Handler)
    NMI_Handler                              0x08001d8b   Thumb Code     2  stm32f4xx_it.o(i.NMI_Handler)
    Stm32_Clock_Init                         0x08001dad   Thumb Code   122  sys.o(i.Stm32_Clock_Init)
    SysTick_Handler                          0x08001e31   Thumb Code    22  delay.o(i.SysTick_Handler)
    SystemInit                               0x08001e49   Thumb Code    66  system_stm32f4xx.o(i.SystemInit)
    USART1_IRQHandler                        0x08002121   Thumb Code    56  usart.o(i.USART1_IRQHandler)
    UsageFault_Handler                       0x08002165   Thumb Code     2  stm32f4xx_it.o(i.UsageFault_Handler)
    _sys_exit                                0x08002167   Thumb Code     2  usart.o(i._sys_exit)
    delay_init                               0x08002169   Thumb Code    50  delay.o(i.delay_init)
    delay_ms                                 0x080021a1   Thumb Code    52  delay.o(i.delay_ms)
    delay_us                                 0x080021d9   Thumb Code    48  delay.o(i.delay_us)
    fputc                                    0x0800220d   Thumb Code    14  usart.o(i.fputc)
    main                                     0x08002221   Thumb Code    74  main.o(i.main)
    pvPortMalloc                             0x08002b39   Thumb Code   214  heap_4.o(i.pvPortMalloc)
    pvTaskIncrementMutexHeldCount            0x08002c4d   Thumb Code    18  tasks.o(i.pvTaskIncrementMutexHeldCount)
    pxPortInitialiseStack                    0x08002c65   Thumb Code    40  port.o(i.pxPortInitialiseStack)
    start_task                               0x08002c91   Thumb Code   116  main.o(i.start_task)
    uart_init                                0x08002d3d   Thumb Code    44  usart.o(i.uart_init)
    usart_task                               0x08002d75   Thumb Code    76  main.o(i.usart_task)
    uxListRemove                             0x08002dd1   Thumb Code    36  list.o(i.uxListRemove)
    vListInitialise                          0x08002df5   Thumb Code    22  list.o(i.vListInitialise)
    vListInitialiseItem                      0x08002e0b   Thumb Code     6  list.o(i.vListInitialiseItem)
    vListInsert                              0x08002e11   Thumb Code    48  list.o(i.vListInsert)
    vListInsertEnd                           0x08002e41   Thumb Code    24  list.o(i.vListInsertEnd)
    vPortEnterCritical                       0x08002e59   Thumb Code    50  port.o(i.vPortEnterCritical)
    vPortExitCritical                        0x08002ed1   Thumb Code    34  port.o(i.vPortExitCritical)
    vPortFree                                0x08002f35   Thumb Code    94  heap_4.o(i.vPortFree)
    vPortSetupTimerInterrupt                 0x08002fd1   Thumb Code    26  port.o(i.vPortSetupTimerInterrupt)
    vPortValidateInterruptPriority           0x08002ff1   Thumb Code    70  port.o(i.vPortValidateInterruptPriority)
    vQueueAddToRegistry                      0x0800307d   Thumb Code    32  queue.o(i.vQueueAddToRegistry)
    vQueueWaitForMessageRestricted           0x080030a1   Thumb Code    68  queue.o(i.vQueueWaitForMessageRestricted)
    vTaskDelay                               0x080030e5   Thumb Code    62  tasks.o(i.vTaskDelay)
    vTaskDelete                              0x08003151   Thumb Code   152  tasks.o(i.vTaskDelete)
    vTaskMissedYield                         0x0800321d   Thumb Code     8  tasks.o(i.vTaskMissedYield)
    vTaskPlaceOnEventList                    0x08003229   Thumb Code    44  tasks.o(i.vTaskPlaceOnEventList)
    vTaskPlaceOnEventListRestricted          0x0800327d   Thumb Code    52  tasks.o(i.vTaskPlaceOnEventListRestricted)
    vTaskPriorityInherit                     0x080032d9   Thumb Code   124  tasks.o(i.vTaskPriorityInherit)
    vTaskResume                              0x0800335d   Thumb Code   112  tasks.o(i.vTaskResume)
    vTaskSetTimeOutState                     0x080033fd   Thumb Code    30  tasks.o(i.vTaskSetTimeOutState)
    vTaskStartScheduler                      0x08003445   Thumb Code    96  tasks.o(i.vTaskStartScheduler)
    vTaskSuspend                             0x080034d9   Thumb Code   154  tasks.o(i.vTaskSuspend)
    vTaskSuspendAll                          0x080035a9   Thumb Code    10  tasks.o(i.vTaskSuspendAll)
    vTaskSwitchContext                       0x080035b9   Thumb Code    80  tasks.o(i.vTaskSwitchContext)
    xPortStartScheduler                      0x08003635   Thumb Code   196  port.o(i.xPortStartScheduler)
    xPortSysTickHandler                      0x08003749   Thumb Code    38  port.o(i.xPortSysTickHandler)
    xQueueGenericCreate                      0x08003775   Thumb Code    82  queue.o(i.xQueueGenericCreate)
    xQueueGenericReceive                     0x080037ed   Thumb Code   348  queue.o(i.xQueueGenericReceive)
    xQueueGenericReset                       0x08003971   Thumb Code   128  queue.o(i.xQueueGenericReset)
    xQueueGenericSend                        0x08003a19   Thumb Code   350  queue.o(i.xQueueGenericSend)
    xQueueGenericSendFromISR                 0x08003ba1   Thumb Code   188  queue.o(i.xQueueGenericSendFromISR)
    xTaskCheckForTimeOut                     0x08003c81   Thumb Code    94  tasks.o(i.xTaskCheckForTimeOut)
    xTaskCreate                              0x08003d09   Thumb Code    86  tasks.o(i.xTaskCreate)
    xTaskGetSchedulerState                   0x08003d61   Thumb Code    22  tasks.o(i.xTaskGetSchedulerState)
    xTaskGetTickCount                        0x08003d7d   Thumb Code     6  tasks.o(i.xTaskGetTickCount)
    xTaskIncrementTick                       0x08003d89   Thumb Code   188  tasks.o(i.xTaskIncrementTick)
    xTaskPriorityDisinherit                  0x08003e71   Thumb Code   136  tasks.o(i.xTaskPriorityDisinherit)
    xTaskRemoveFromEventList                 0x08003f25   Thumb Code   102  tasks.o(i.xTaskRemoveFromEventList)
    xTaskResumeAll                           0x08003fbd   Thumb Code   180  tasks.o(i.xTaskResumeAll)
    xTimerCreate                             0x080040a1   Thumb Code    74  timers.o(i.xTimerCreate)
    xTimerCreateTimerTask                    0x08004115   Thumb Code    58  timers.o(i.xTimerCreateTimerTask)
    xTimerGenericCommand                     0x08004189   Thumb Code    98  timers.o(i.xTimerGenericCommand)
    __aeabi_d2f                              0x08004219   Thumb Code     0  d2f.o(x$fpl$d2f)
    _d2f                                     0x08004219   Thumb Code    98  d2f.o(x$fpl$d2f)
    __aeabi_ui2d                             0x0800427b   Thumb Code     0  dflt_clz.o(x$fpl$dfltu)
    _dfltu                                   0x0800427b   Thumb Code    38  dflt_clz.o(x$fpl$dfltu)
    __aeabi_dmul                             0x080042a1   Thumb Code     0  dmul.o(x$fpl$dmul)
    _dmul                                    0x080042a1   Thumb Code   332  dmul.o(x$fpl$dmul)
    __fpl_dnaninf                            0x080043f5   Thumb Code   156  dnaninf.o(x$fpl$dnaninf)
    __fpl_dretinf                            0x08004491   Thumb Code    12  dretinf.o(x$fpl$dretinf)
    _fp_init                                 0x0800449d   Thumb Code    10  fpinit.o(x$fpl$fpinit)
    __fplib_config_fpu_vfp                   0x080044a5   Thumb Code     0  fpinit.o(x$fpl$fpinit)
    __fplib_config_pureend_doubles           0x080044a5   Thumb Code     0  fpinit.o(x$fpl$fpinit)
    __fpl_fretinf                            0x080044a7   Thumb Code    10  fretinf.o(x$fpl$fretinf)
    APBAHBPrescTable                         0x080044b0   Data          16  stm32f4xx_hal_rcc.o(.constdata)
    __I$use$fp                               0x080044b0   Number         0  usenofp.o(x$fpl$usenofp)
    asc2_1206                                0x080044c0   Data        1140  lcd.o(.constdata)
    asc2_1608                                0x08004934   Data        1520  lcd.o(.constdata)
    asc2_2412                                0x08004f24   Data        3420  lcd.o(.constdata)
    asc2_3216                                0x08005c80   Data       12160  lcd.o(.constdata)
    Region$$Table$$Base                      0x08008c00   Number         0  anon$$obj.o(Region$$Table)
    Region$$Table$$Limit                     0x08008c20   Number         0  anon$$obj.o(Region$$Table)
    t                                        0x20000000   Data           4  main.o(.data)
    StartTask_Handler                        0x20000004   Data           4  main.o(.data)
    KEYTask_Handler                          0x20000008   Data           4  main.o(.data)
    usartTask_Handler                        0x2000000c   Data           4  main.o(.data)
    DACTask_Handler                          0x20000010   Data           4  main.o(.data)
    ADCTask_Handler                          0x20000014   Data           4  main.o(.data)
    SystemCoreClock                          0x20000018   Data           4  system_stm32f4xx.o(.data)
    AHBPrescTable                            0x2000001c   Data          16  system_stm32f4xx.o(.data)
    aRxBuffer                                0x20000038   Data           1  usart.o(.data)
    USART_RX_STA                             0x2000003a   Data           2  usart.o(.data)
    __stdout                                 0x2000003c   Data           4  usart.o(.data)
    POINT_COLOR                              0x20000044   Data           4  lcd.o(.data)
    BACK_COLOR                               0x20000048   Data           4  lcd.o(.data)
    pxCurrentTCB                             0x2000004c   Data           4  tasks.o(.data)
    WAVE_DATA                                0x200000c0   Data        4096  main.o(.bss)
    USART_RX_BUF                             0x200010c0   Data         200  usart.o(.bss)
    UART1_Handler                            0x20001188   Data          64  usart.o(.bss)
    ADC1_Handler                             0x200011c8   Data          68  adc.o(.bss)
    DAC1_Handler                             0x2000120c   Data          20  dac.o(.bss)
    SRAM_Handler                             0x20001220   Data          80  lcd.o(.bss)
    lcddev                                   0x20001270   Data          14  lcd.o(.bss)
    xQueueRegistry                           0x20001280   Data          64  queue.o(.bss)
    __libspace_start                         0x2000cdcc   Data          96  libspace.o(.bss)
    __temporary_stack_top$libspace           0x2000ce2c   Data           0  libspace.o(.bss)



==============================================================================

Memory Map of the image

  Image Entry point : 0x080001ad

  Load Region LR_IROM1 (Base: 0x08000000, Size: 0x00008ce0, Max: 0x00100000, ABSOLUTE)

    Execution Region ER_IROM1 (Exec base: 0x08000000, Load base: 0x08000000, Size: 0x00008c20, Max: 0x00100000, ABSOLUTE)

    Exec Addr    Load Addr    Size         Type   Attr      Idx    E Section Name        Object

    0x08000000   0x08000000   0x000001ac   Data   RO          540    RESET               startup_stm32f429xx.o
    0x080001ac   0x080001ac   0x00000008   Code   RO         5139  * !!!main             c_w.l(__main.o)
    0x080001b4   0x080001b4   0x00000034   Code   RO         5358    !!!scatter          c_w.l(__scatter.o)
    0x080001e8   0x080001e8   0x0000001a   Code   RO         5360    !!handler_copy      c_w.l(__scatter_copy.o)
    0x08000202   0x08000202   0x00000002   PAD
    0x08000204   0x08000204   0x0000001c   Code   RO         5362    !!handler_zi        c_w.l(__scatter_zi.o)
    0x08000220   0x08000220   0x00000000   Code   RO         5128    .ARM.Collect$$_printf_percent$$00000000  c_w.l(_printf_percent.o)
    0x08000220   0x08000220   0x00000006   Code   RO         5126    .ARM.Collect$$_printf_percent$$00000009  c_w.l(_printf_d.o)
    0x08000226   0x08000226   0x00000006   Code   RO         5124    .ARM.Collect$$_printf_percent$$00000014  c_w.l(_printf_s.o)
    0x0800022c   0x0800022c   0x00000004   Code   RO         5184    .ARM.Collect$$_printf_percent$$00000017  c_w.l(_printf_percent_end.o)
    0x08000230   0x08000230   0x00000002   Code   RO         5230    .ARM.Collect$$libinit$$00000000  c_w.l(libinit.o)
    0x08000232   0x08000232   0x00000004   Code   RO         5236    .ARM.Collect$$libinit$$00000001  c_w.l(libinit2.o)
    0x08000236   0x08000236   0x00000000   Code   RO         5239    .ARM.Collect$$libinit$$00000004  c_w.l(libinit2.o)
    0x08000236   0x08000236   0x00000000   Code   RO         5242    .ARM.Collect$$libinit$$0000000A  c_w.l(libinit2.o)
    0x08000236   0x08000236   0x00000000   Code   RO         5244    .ARM.Collect$$libinit$$0000000C  c_w.l(libinit2.o)
    0x08000236   0x08000236   0x00000000   Code   RO         5246    .ARM.Collect$$libinit$$0000000E  c_w.l(libinit2.o)
    0x08000236   0x08000236   0x00000000   Code   RO         5249    .ARM.Collect$$libinit$$00000011  c_w.l(libinit2.o)
    0x08000236   0x08000236   0x00000000   Code   RO         5251    .ARM.Collect$$libinit$$00000013  c_w.l(libinit2.o)
    0x08000236   0x08000236   0x00000000   Code   RO         5253    .ARM.Collect$$libinit$$00000015  c_w.l(libinit2.o)
    0x08000236   0x08000236   0x00000000   Code   RO         5255    .ARM.Collect$$libinit$$00000017  c_w.l(libinit2.o)
    0x08000236   0x08000236   0x00000000   Code   RO         5257    .ARM.Collect$$libinit$$00000019  c_w.l(libinit2.o)
    0x08000236   0x08000236   0x00000000   Code   RO         5259    .ARM.Collect$$libinit$$0000001B  c_w.l(libinit2.o)
    0x08000236   0x08000236   0x00000000   Code   RO         5261    .ARM.Collect$$libinit$$0000001D  c_w.l(libinit2.o)
    0x08000236   0x08000236   0x00000000   Code   RO         5263    .ARM.Collect$$libinit$$0000001F  c_w.l(libinit2.o)
    0x08000236   0x08000236   0x00000000   Code   RO         5265    .ARM.Collect$$libinit$$00000021  c_w.l(libinit2.o)
    0x08000236   0x08000236   0x00000000   Code   RO         5267    .ARM.Collect$$libinit$$00000023  c_w.l(libinit2.o)
    0x08000236   0x08000236   0x00000000   Code   RO         5269    .ARM.Collect$$libinit$$00000025  c_w.l(libinit2.o)
    0x08000236   0x08000236   0x00000000   Code   RO         5273    .ARM.Collect$$libinit$$0000002C  c_w.l(libinit2.o)
    0x08000236   0x08000236   0x00000000   Code   RO         5275    .ARM.Collect$$libinit$$0000002E  c_w.l(libinit2.o)
    0x08000236   0x08000236   0x00000000   Code   RO         5277    .ARM.Collect$$libinit$$00000030  c_w.l(libinit2.o)
    0x08000236   0x08000236   0x00000000   Code   RO         5279    .ARM.Collect$$libinit$$00000032  c_w.l(libinit2.o)
    0x08000236   0x08000236   0x00000002   Code   RO         5280    .ARM.Collect$$libinit$$00000033  c_w.l(libinit2.o)
    0x08000238   0x08000238   0x00000002   Code   RO         5298    .ARM.Collect$$libshutdown$$00000000  c_w.l(libshutdown.o)
    0x0800023a   0x0800023a   0x00000000   Code   RO         5308    .ARM.Collect$$libshutdown$$00000002  c_w.l(libshutdown2.o)
    0x0800023a   0x0800023a   0x00000000   Code   RO         5310    .ARM.Collect$$libshutdown$$00000004  c_w.l(libshutdown2.o)
    0x0800023a   0x0800023a   0x00000000   Code   RO         5312    .ARM.Collect$$libshutdown$$00000006  c_w.l(libshutdown2.o)
    0x0800023a   0x0800023a   0x00000000   Code   RO         5315    .ARM.Collect$$libshutdown$$00000009  c_w.l(libshutdown2.o)
    0x0800023a   0x0800023a   0x00000000   Code   RO         5318    .ARM.Collect$$libshutdown$$0000000C  c_w.l(libshutdown2.o)
    0x0800023a   0x0800023a   0x00000000   Code   RO         5320    .ARM.Collect$$libshutdown$$0000000E  c_w.l(libshutdown2.o)
    0x0800023a   0x0800023a   0x00000000   Code   RO         5323    .ARM.Collect$$libshutdown$$00000011  c_w.l(libshutdown2.o)
    0x0800023a   0x0800023a   0x00000002   Code   RO         5324    .ARM.Collect$$libshutdown$$00000012  c_w.l(libshutdown2.o)
    0x0800023c   0x0800023c   0x00000000   Code   RO         5173    .ARM.Collect$$rtentry$$00000000  c_w.l(__rtentry.o)
    0x0800023c   0x0800023c   0x00000000   Code   RO         5199    .ARM.Collect$$rtentry$$00000002  c_w.l(__rtentry2.o)
    0x0800023c   0x0800023c   0x00000006   Code   RO         5211    .ARM.Collect$$rtentry$$00000004  c_w.l(__rtentry4.o)
    0x08000242   0x08000242   0x00000000   Code   RO         5201    .ARM.Collect$$rtentry$$00000009  c_w.l(__rtentry2.o)
    0x08000242   0x08000242   0x00000004   Code   RO         5202    .ARM.Collect$$rtentry$$0000000A  c_w.l(__rtentry2.o)
    0x08000246   0x08000246   0x00000000   Code   RO         5204    .ARM.Collect$$rtentry$$0000000C  c_w.l(__rtentry2.o)
    0x08000246   0x08000246   0x00000008   Code   RO         5205    .ARM.Collect$$rtentry$$0000000D  c_w.l(__rtentry2.o)
    0x0800024e   0x0800024e   0x00000002   Code   RO         5234    .ARM.Collect$$rtexit$$00000000  c_w.l(rtexit.o)
    0x08000250   0x08000250   0x00000000   Code   RO         5282    .ARM.Collect$$rtexit$$00000002  c_w.l(rtexit2.o)
    0x08000250   0x08000250   0x00000004   Code   RO         5283    .ARM.Collect$$rtexit$$00000003  c_w.l(rtexit2.o)
    0x08000254   0x08000254   0x00000006   Code   RO         5284    .ARM.Collect$$rtexit$$00000004  c_w.l(rtexit2.o)
    0x0800025a   0x0800025a   0x00000002   PAD
    0x0800025c   0x0800025c   0x000000b6   Code   RO         4917    .emb_text           port.o
    0x08000312   0x08000312   0x00000002   PAD
    0x08000314   0x08000314   0x00000040   Code   RO          541    .text               startup_stm32f429xx.o
    0x08000354   0x08000354   0x00000002   Code   RO         5066    .text               c_w.l(use_no_semi_2.o)
    0x08000356   0x08000356   0x00000002   PAD
    0x08000358   0x08000358   0x00000018   Code   RO         5072    .text               c_w.l(noretval__2printf.o)
    0x08000370   0x08000370   0x00000068   Code   RO         5076    .text               c_w.l(__printf.o)
    0x080003d8   0x080003d8   0x00000052   Code   RO         5078    .text               c_w.l(_printf_str.o)
    0x0800042a   0x0800042a   0x00000002   PAD
    0x0800042c   0x0800042c   0x00000078   Code   RO         5080    .text               c_w.l(_printf_dec.o)
    0x080004a4   0x080004a4   0x0000008a   Code   RO         5133    .text               c_w.l(rt_memcpy_v6.o)
    0x0800052e   0x0800052e   0x00000010   Code   RO         5135    .text               c_w.l(aeabi_memset.o)
    0x0800053e   0x0800053e   0x00000006   Code   RO         5137    .text               c_w.l(heapauxi.o)
    0x08000544   0x08000544   0x00000002   Code   RO         5171    .text               c_w.l(use_no_semi.o)
    0x08000546   0x08000546   0x000000b2   Code   RO         5174    .text               c_w.l(_printf_intcommon.o)
    0x080005f8   0x080005f8   0x00000030   Code   RO         5176    .text               c_w.l(_printf_char_common.o)
    0x08000628   0x08000628   0x0000002c   Code   RO         5180    .text               c_w.l(_printf_char.o)
    0x08000654   0x08000654   0x00000024   Code   RO         5182    .text               c_w.l(_printf_char_file.o)
    0x08000678   0x08000678   0x00000064   Code   RO         5185    .text               c_w.l(rt_memcpy_w.o)
    0x080006dc   0x080006dc   0x00000044   Code   RO         5187    .text               c_w.l(rt_memclr.o)
    0x08000720   0x08000720   0x00000008   Code   RO         5215    .text               c_w.l(ferror.o)
    0x08000728   0x08000728   0x0000004e   Code   RO         5219    .text               c_w.l(rt_memclr_w.o)
    0x08000776   0x08000776   0x0000004a   Code   RO         5221    .text               c_w.l(sys_stackheap_outer.o)
    0x080007c0   0x080007c0   0x00000012   Code   RO         5223    .text               c_w.l(exit.o)
    0x080007d2   0x080007d2   0x00000002   PAD
    0x080007d4   0x080007d4   0x00000008   Code   RO         5231    .text               c_w.l(libspace.o)
    0x080007dc   0x080007dc   0x00000054   Code   RO            4    i.ADC_task          main.o
    0x08000830   0x08000830   0x00000002   Code   RO          345    i.BusFault_Handler  stm32f4xx_it.o
    0x08000832   0x08000832   0x00000002   PAD
    0x08000834   0x08000834   0x00000034   Code   RO         3702    i.DAC1_Init         dac.o
    0x08000868   0x08000868   0x00000054   Code   RO            5    i.DAC_task          main.o
    0x080008bc   0x080008bc   0x00000002   Code   RO          346    i.DebugMon_Handler  stm32f4xx_it.o
    0x080008be   0x080008be   0x00000002   PAD
    0x080008c0   0x080008c0   0x00000038   Code   RO         3651    i.Get_Adc           adc.o
    0x080008f8   0x080008f8   0x00000154   Code   RO         2037    i.HAL_ADC_ConfigChannel  stm32f4xx_hal_adc.o
    0x08000a4c   0x08000a4c   0x00000006   Code   RO         2044    i.HAL_ADC_GetValue  stm32f4xx_hal_adc.o
    0x08000a52   0x08000a52   0x0000006c   Code   RO         2050    i.HAL_ADC_PollForConversion  stm32f4xx_hal_adc.o
    0x08000abe   0x08000abe   0x00000002   PAD
    0x08000ac0   0x08000ac0   0x00000088   Code   RO         2052    i.HAL_ADC_Start     stm32f4xx_hal_adc.o
    0x08000b48   0x08000b48   0x00000042   Code   RO         1810    i.HAL_DAC_ConfigChannel  stm32f4xx_hal_dac.o
    0x08000b8a   0x08000b8a   0x00000028   Code   RO         1820    i.HAL_DAC_Init      stm32f4xx_hal_dac.o
    0x08000bb2   0x08000bb2   0x00000002   PAD
    0x08000bb4   0x08000bb4   0x0000004c   Code   RO         3704    i.HAL_DAC_MspInit   dac.o
    0x08000c00   0x08000c00   0x0000001a   Code   RO         1823    i.HAL_DAC_SetValue  stm32f4xx_hal_dac.o
    0x08000c1a   0x08000c1a   0x0000006c   Code   RO         1824    i.HAL_DAC_Start     stm32f4xx_hal_dac.o
    0x08000c86   0x08000c86   0x00000002   PAD
    0x08000c88   0x08000c88   0x000001dc   Code   RO          832    i.HAL_GPIO_Init     stm32f4xx_hal_gpio.o
    0x08000e64   0x08000e64   0x0000000a   Code   RO          834    i.HAL_GPIO_ReadPin  stm32f4xx_hal_gpio.o
    0x08000e6e   0x08000e6e   0x0000000a   Code   RO          836    i.HAL_GPIO_WritePin  stm32f4xx_hal_gpio.o
    0x08000e78   0x08000e78   0x0000000c   Code   RO          563    i.HAL_GetTick       stm32f4xx_hal.o
    0x08000e84   0x08000e84   0x00000010   Code   RO          564    i.HAL_IncTick       stm32f4xx_hal.o
    0x08000e94   0x08000e94   0x00000034   Code   RO          565    i.HAL_Init          stm32f4xx_hal.o
    0x08000ec8   0x08000ec8   0x00000022   Code   RO          566    i.HAL_InitTick      stm32f4xx_hal.o
    0x08000eea   0x08000eea   0x00000008   Code   RO          568    i.HAL_MspInit       stm32f4xx_hal.o
    0x08000ef2   0x08000ef2   0x00000016   Code   RO          709    i.HAL_NVIC_EnableIRQ  stm32f4xx_hal_cortex.o
    0x08000f08   0x08000f08   0x00000040   Code   RO          715    i.HAL_NVIC_SetPriority  stm32f4xx_hal_cortex.o
    0x08000f48   0x08000f48   0x00000024   Code   RO          716    i.HAL_NVIC_SetPriorityGrouping  stm32f4xx_hal_cortex.o
    0x08000f6c   0x08000f6c   0x00000088   Code   RO         1021    i.HAL_PWREx_EnableOverDrive  stm32f4xx_hal_pwr_ex.o
    0x08000ff4   0x08000ff4   0x00000208   Code   RO         1088    i.HAL_RCC_ClockConfig  stm32f4xx_hal_rcc.o
    0x080011fc   0x080011fc   0x00000034   Code   RO         1093    i.HAL_RCC_GetHCLKFreq  stm32f4xx_hal_rcc.o
    0x08001230   0x08001230   0x0000002c   Code   RO         1095    i.HAL_RCC_GetPCLK1Freq  stm32f4xx_hal_rcc.o
    0x0800125c   0x0800125c   0x0000002c   Code   RO         1096    i.HAL_RCC_GetPCLK2Freq  stm32f4xx_hal_rcc.o
    0x08001288   0x08001288   0x00000074   Code   RO         1097    i.HAL_RCC_GetSysClockFreq  stm32f4xx_hal_rcc.o
    0x080012fc   0x080012fc   0x0000031c   Code   RO         1100    i.HAL_RCC_OscConfig  stm32f4xx_hal_rcc.o
    0x08001618   0x08001618   0x00000018   Code   RO          718    i.HAL_SYSTICK_CLKSourceConfig  stm32f4xx_hal_cortex.o
    0x08001630   0x08001630   0x00000028   Code   RO          720    i.HAL_SYSTICK_Config  stm32f4xx_hal_cortex.o
    0x08001658   0x08001658   0x00000002   Code   RO         1240    i.HAL_UART_ErrorCallback  stm32f4xx_hal_uart.o
    0x0800165a   0x0800165a   0x00000006   Code   RO         1242    i.HAL_UART_GetState  stm32f4xx_hal_uart.o
    0x08001660   0x08001660   0x000000f4   Code   RO         1243    i.HAL_UART_IRQHandler  stm32f4xx_hal_uart.o
    0x08001754   0x08001754   0x0000005e   Code   RO         1244    i.HAL_UART_Init     stm32f4xx_hal_uart.o
    0x080017b2   0x080017b2   0x00000002   PAD
    0x080017b4   0x080017b4   0x0000007c   Code   RO         3558    i.HAL_UART_MspInit  usart.o
    0x08001830   0x08001830   0x00000068   Code   RO         1249    i.HAL_UART_Receive_IT  stm32f4xx_hal_uart.o
    0x08001898   0x08001898   0x00000058   Code   RO         3559    i.HAL_UART_RxCpltCallback  usart.o
    0x080018f0   0x080018f0   0x00000002   Code   RO         1255    i.HAL_UART_TxCpltCallback  stm32f4xx_hal_uart.o
    0x080018f2   0x080018f2   0x00000002   Code   RO          347    i.HardFault_Handler  stm32f4xx_it.o
    0x080018f4   0x080018f4   0x00000080   Code   RO         3744    i.KEY_Init          key.o
    0x08001974   0x08001974   0x000000d8   Code   RO         3745    i.KEY_Scan          key.o
    0x08001a4c   0x08001a4c   0x0000008c   Code   RO            6    i.KEY_task          main.o
    0x08001ad8   0x08001ad8   0x000000d0   Code   RO         3786    i.LCD_Fast_DrawPoint  lcd.o
    0x08001ba8   0x08001ba8   0x00000010   Code   RO         3789    i.LCD_Pow           lcd.o
    0x08001bb8   0x08001bb8   0x000000dc   Code   RO         3797    i.LCD_ShowChar      lcd.o
    0x08001c94   0x08001c94   0x00000076   Code   RO         3798    i.LCD_ShowNum       lcd.o
    0x08001d0a   0x08001d0a   0x00000002   PAD
    0x08001d0c   0x08001d0c   0x00000018   Code   RO         3801    i.LCD_WR_DATA       lcd.o
    0x08001d24   0x08001d24   0x00000018   Code   RO         3802    i.LCD_WR_REG        lcd.o
    0x08001d3c   0x08001d3c   0x0000004c   Code   RO         3627    i.LED_Init          led.o
    0x08001d88   0x08001d88   0x00000002   Code   RO          348    i.MemManage_Handler  stm32f4xx_it.o
    0x08001d8a   0x08001d8a   0x00000002   Code   RO          349    i.NMI_Handler       stm32f4xx_it.o
    0x08001d8c   0x08001d8c   0x00000020   Code   RO          722    i.NVIC_SetPriority  stm32f4xx_hal_cortex.o
    0x08001dac   0x08001dac   0x00000084   Code   RO         3531    i.Stm32_Clock_Init  sys.o
    0x08001e30   0x08001e30   0x00000016   Code   RO         3477    i.SysTick_Handler   delay.o
    0x08001e46   0x08001e46   0x00000002   PAD
    0x08001e48   0x08001e48   0x00000054   Code   RO          406    i.SystemInit        system_stm32f4xx.o
    0x08001e9c   0x08001e9c   0x000000a6   Code   RO         1262    i.UART_Receive_IT   stm32f4xx_hal_uart.o
    0x08001f42   0x08001f42   0x00000002   PAD
    0x08001f44   0x08001f44   0x00000174   Code   RO         1263    i.UART_SetConfig    stm32f4xx_hal_uart.o
    0x080020b8   0x080020b8   0x00000066   Code   RO         1264    i.UART_Transmit_IT  stm32f4xx_hal_uart.o
    0x0800211e   0x0800211e   0x00000002   PAD
    0x08002120   0x08002120   0x00000044   Code   RO         3560    i.USART1_IRQHandler  usart.o
    0x08002164   0x08002164   0x00000002   Code   RO          350    i.UsageFault_Handler  stm32f4xx_it.o
    0x08002166   0x08002166   0x00000002   Code   RO         3561    i._sys_exit         usart.o
    0x08002168   0x08002168   0x00000038   Code   RO         3478    i.delay_init        delay.o
    0x080021a0   0x080021a0   0x00000038   Code   RO         3479    i.delay_ms          delay.o
    0x080021d8   0x080021d8   0x00000034   Code   RO         3480    i.delay_us          delay.o
    0x0800220c   0x0800220c   0x00000014   Code   RO         3562    i.fputc             usart.o
    0x08002220   0x08002220   0x00000060   Code   RO            7    i.main              main.o
    0x08002280   0x08002280   0x00000070   Code   RO         4428    i.prvAddCurrentTaskToDelayedList  tasks.o
    0x080022f0   0x080022f0   0x000000d0   Code   RO         4429    i.prvAddNewTaskToReadyList  tasks.o
    0x080023c0   0x080023c0   0x00000050   Code   RO         4785    i.prvCheckForValidListAndQueue  timers.o
    0x08002410   0x08002410   0x00000054   Code   RO         4430    i.prvCheckTasksWaitingTermination  tasks.o
    0x08002464   0x08002464   0x00000026   Code   RO         4195    i.prvCopyDataFromQueue  queue.o
    0x0800248a   0x0800248a   0x0000006c   Code   RO         4196    i.prvCopyDataToQueue  queue.o
    0x080024f6   0x080024f6   0x00000014   Code   RO         4431    i.prvDeleteTCB      tasks.o
    0x0800250a   0x0800250a   0x00000002   PAD
    0x0800250c   0x0800250c   0x0000004c   Code   RO         5006    i.prvHeapInit       heap_4.o
    0x08002558   0x08002558   0x00000028   Code   RO         4432    i.prvIdleTask       tasks.o
    0x08002580   0x08002580   0x000000c0   Code   RO         4433    i.prvInitialiseNewTask  tasks.o
    0x08002640   0x08002640   0x0000004c   Code   RO         5007    i.prvInsertBlockIntoFreeList  heap_4.o
    0x0800268c   0x0800268c   0x00000038   Code   RO         4786    i.prvInsertTimerInActiveList  timers.o
    0x080026c4   0x080026c4   0x0000001a   Code   RO         4197    i.prvIsQueueEmpty   queue.o
    0x080026de   0x080026de   0x00000002   PAD
    0x080026e0   0x080026e0   0x00000090   Code   RO         4198    i.prvNotifyQueueSetContainer  queue.o
    0x08002770   0x08002770   0x00000060   Code   RO         4787    i.prvProcessExpiredTimer  timers.o
    0x080027d0   0x080027d0   0x000000f0   Code   RO         4788    i.prvProcessReceivedCommands  timers.o
    0x080028c0   0x080028c0   0x0000006c   Code   RO         4789    i.prvProcessTimerOrBlockTask  timers.o
    0x0800292c   0x0800292c   0x00000020   Code   RO         4435    i.prvResetNextTaskUnblockTime  tasks.o
    0x0800294c   0x0800294c   0x00000028   Code   RO         4790    i.prvSampleTimeNow  timers.o
    0x08002974   0x08002974   0x0000006c   Code   RO         4791    i.prvSwitchTimerLists  timers.o
    0x080029e0   0x080029e0   0x00000064   Code   RO         4918    i.prvTaskExitError  port.o
    0x08002a44   0x08002a44   0x00000054   Code   RO         4436    i.prvTaskIsTaskSuspended  tasks.o
    0x08002a98   0x08002a98   0x00000028   Code   RO         4792    i.prvTimerTask      timers.o
    0x08002ac0   0x08002ac0   0x00000078   Code   RO         4199    i.prvUnlockQueue    queue.o
    0x08002b38   0x08002b38   0x00000114   Code   RO         5008    i.pvPortMalloc      heap_4.o
    0x08002c4c   0x08002c4c   0x00000018   Code   RO         4437    i.pvTaskIncrementMutexHeldCount  tasks.o
    0x08002c64   0x08002c64   0x0000002c   Code   RO         4919    i.pxPortInitialiseStack  port.o
    0x08002c90   0x08002c90   0x000000ac   Code   RO            8    i.start_task        main.o
    0x08002d3c   0x08002d3c   0x00000038   Code   RO         3563    i.uart_init         usart.o
    0x08002d74   0x08002d74   0x0000005c   Code   RO            9    i.usart_task        main.o
    0x08002dd0   0x08002dd0   0x00000024   Code   RO         4146    i.uxListRemove      list.o
    0x08002df4   0x08002df4   0x00000016   Code   RO         4147    i.vListInitialise   list.o
    0x08002e0a   0x08002e0a   0x00000006   Code   RO         4148    i.vListInitialiseItem  list.o
    0x08002e10   0x08002e10   0x00000030   Code   RO         4149    i.vListInsert       list.o
    0x08002e40   0x08002e40   0x00000018   Code   RO         4150    i.vListInsertEnd    list.o
    0x08002e58   0x08002e58   0x00000078   Code   RO         4921    i.vPortEnterCritical  port.o
    0x08002ed0   0x08002ed0   0x00000064   Code   RO         4922    i.vPortExitCritical  port.o
    0x08002f34   0x08002f34   0x0000009c   Code   RO         5009    i.vPortFree         heap_4.o
    0x08002fd0   0x08002fd0   0x00000020   Code   RO         4923    i.vPortSetupTimerInterrupt  port.o
    0x08002ff0   0x08002ff0   0x0000008c   Code   RO         4924    i.vPortValidateInterruptPriority  port.o
    0x0800307c   0x0800307c   0x00000024   Code   RO         4205    i.vQueueAddToRegistry  queue.o
    0x080030a0   0x080030a0   0x00000044   Code   RO         4209    i.vQueueWaitForMessageRestricted  queue.o
    0x080030e4   0x080030e4   0x0000006c   Code   RO         4445    i.vTaskDelay        tasks.o
    0x08003150   0x08003150   0x000000cc   Code   RO         4447    i.vTaskDelete       tasks.o
    0x0800321c   0x0800321c   0x0000000c   Code   RO         4451    i.vTaskMissedYield  tasks.o
    0x08003228   0x08003228   0x00000054   Code   RO         4453    i.vTaskPlaceOnEventList  tasks.o
    0x0800327c   0x0800327c   0x0000005c   Code   RO         4454    i.vTaskPlaceOnEventListRestricted  tasks.o
    0x080032d8   0x080032d8   0x00000084   Code   RO         4456    i.vTaskPriorityInherit  tasks.o
    0x0800335c   0x0800335c   0x000000a0   Code   RO         4458    i.vTaskResume       tasks.o
    0x080033fc   0x080033fc   0x00000048   Code   RO         4460    i.vTaskSetTimeOutState  tasks.o
    0x08003444   0x08003444   0x00000094   Code   RO         4461    i.vTaskStartScheduler  tasks.o
    0x080034d8   0x080034d8   0x000000d0   Code   RO         4462    i.vTaskSuspend      tasks.o
    0x080035a8   0x080035a8   0x00000010   Code   RO         4463    i.vTaskSuspendAll   tasks.o
    0x080035b8   0x080035b8   0x0000007c   Code   RO         4464    i.vTaskSwitchContext  tasks.o
    0x08003634   0x08003634   0x00000114   Code   RO         4925    i.xPortStartScheduler  port.o
    0x08003748   0x08003748   0x0000002c   Code   RO         4926    i.xPortSysTickHandler  port.o
    0x08003774   0x08003774   0x00000078   Code   RO         4214    i.xQueueGenericCreate  queue.o
    0x080037ec   0x080037ec   0x00000184   Code   RO         4215    i.xQueueGenericReceive  queue.o
    0x08003970   0x08003970   0x000000a8   Code   RO         4216    i.xQueueGenericReset  queue.o
    0x08003a18   0x08003a18   0x00000188   Code   RO         4217    i.xQueueGenericSend  queue.o
    0x08003ba0   0x08003ba0   0x000000e0   Code   RO         4218    i.xQueueGenericSendFromISR  queue.o
    0x08003c80   0x08003c80   0x00000088   Code   RO         4465    i.xTaskCheckForTimeOut  tasks.o
    0x08003d08   0x08003d08   0x00000056   Code   RO         4466    i.xTaskCreate       tasks.o
    0x08003d5e   0x08003d5e   0x00000002   PAD
    0x08003d60   0x08003d60   0x0000001c   Code   RO         4470    i.xTaskGetSchedulerState  tasks.o
    0x08003d7c   0x08003d7c   0x0000000c   Code   RO         4471    i.xTaskGetTickCount  tasks.o
    0x08003d88   0x08003d88   0x000000e8   Code   RO         4473    i.xTaskIncrementTick  tasks.o
    0x08003e70   0x08003e70   0x000000b4   Code   RO         4476    i.xTaskPriorityDisinherit  tasks.o
    0x08003f24   0x08003f24   0x00000098   Code   RO         4477    i.xTaskRemoveFromEventList  tasks.o
    0x08003fbc   0x08003fbc   0x000000e4   Code   RO         4479    i.xTaskResumeAll    tasks.o
    0x080040a0   0x080040a0   0x00000074   Code   RO         4795    i.xTimerCreate      timers.o
    0x08004114   0x08004114   0x00000074   Code   RO         4796    i.xTimerCreateTimerTask  timers.o
    0x08004188   0x08004188   0x00000090   Code   RO         4797    i.xTimerGenericCommand  timers.o
    0x08004218   0x08004218   0x00000062   Code   RO         5141    x$fpl$d2f           fz_wm.l(d2f.o)
    0x0800427a   0x0800427a   0x00000026   Code   RO         5161    x$fpl$dfltu         fz_wm.l(dflt_clz.o)
    0x080042a0   0x080042a0   0x00000154   Code   RO         5167    x$fpl$dmul          fz_wm.l(dmul.o)
    0x080043f4   0x080043f4   0x0000009c   Code   RO         5189    x$fpl$dnaninf       fz_wm.l(dnaninf.o)
    0x08004490   0x08004490   0x0000000c   Code   RO         5191    x$fpl$dretinf       fz_wm.l(dretinf.o)
    0x0800449c   0x0800449c   0x0000000a   Code   RO         5290    x$fpl$fpinit        fz_wm.l(fpinit.o)
    0x080044a6   0x080044a6   0x0000000a   Code   RO         5195    x$fpl$fretinf       fz_wm.l(fretinf.o)
    0x080044b0   0x080044b0   0x00000000   Code   RO         5197    x$fpl$usenofp       fz_wm.l(usenofp.o)
    0x080044b0   0x080044b0   0x00000010   Data   RO         1101    .constdata          stm32f4xx_hal_rcc.o
    0x080044c0   0x080044c0   0x00004740   Data   RO         3808    .constdata          lcd.o
    0x08008c00   0x08008c00   0x00000020   Data   RO         5356    Region$$Table       anon$$obj.o


    Execution Region RW_IRAM1 (Exec base: 0x20000000, Load base: 0x08008c20, Size: 0x0000d430, Max: 0x00030000, ABSOLUTE)

    Exec Addr    Load Addr    Size         Type   Attr      Idx    E Section Name        Object

    0x20000000   0x08008c20   0x00000018   Data   RW           11    .data               main.o
    0x20000018   0x08008c38   0x00000014   Data   RW          407    .data               system_stm32f4xx.o
    0x2000002c   0x08008c4c   0x00000004   Data   RW          571    .data               stm32f4xx_hal.o
    0x20000030   0x08008c50   0x00000008   Data   RW         3482    .data               delay.o
    0x20000038   0x08008c58   0x00000004   Data   RW         3565    .data               usart.o
    0x2000003c   0x08008c5c   0x00000004   Data   RW         3566    .data               usart.o
    0x20000040   0x08008c60   0x00000001   Data   RW         3746    .data               key.o
    0x20000041   0x08008c61   0x00000003   PAD
    0x20000044   0x08008c64   0x00000008   Data   RW         3809    .data               lcd.o
    0x2000004c   0x08008c6c   0x0000003c   Data   RW         4482    .data               tasks.o
    0x20000088   0x08008ca8   0x00000014   Data   RW         4805    .data               timers.o
    0x2000009c   0x08008cbc   0x0000000c   Data   RW         4927    .data               port.o
    0x200000a8   0x08008cc8   0x00000018   Data   RW         5014    .data               heap_4.o
    0x200000c0        -       0x00001000   Zero   RW           10    .bss                main.o
    0x200010c0        -       0x00000108   Zero   RW         3564    .bss                usart.o
    0x200011c8        -       0x00000044   Zero   RW         3656    .bss                adc.o
    0x2000120c        -       0x00000014   Zero   RW         3705    .bss                dac.o
    0x20001220        -       0x0000005e   Zero   RW         3807    .bss                lcd.o
    0x2000127e   0x08008ce0   0x00000002   PAD
    0x20001280        -       0x00000040   Zero   RW         4229    .bss                queue.o
    0x200012c0        -       0x000002e4   Zero   RW         4481    .bss                tasks.o
    0x200015a4        -       0x00000028   Zero   RW         4804    .bss                timers.o
    0x200015cc        -       0x0000b800   Zero   RW         5013    .bss                heap_4.o
    0x2000cdcc        -       0x00000060   Zero   RW         5232    .bss                c_w.l(libspace.o)
    0x2000ce2c   0x08008ce0   0x00000004   PAD
    0x2000ce30        -       0x00000200   Zero   RW          539    HEAP                startup_stm32f429xx.o
    0x2000d030        -       0x00000400   Zero   RW          538    STACK               startup_stm32f429xx.o


==============================================================================

Image component sizes


      Code (inc. data)   RO Data    RW Data    ZI Data      Debug   Object Name

        56          6          0          0         68        785   adc.o
       128         20          0          0         20       1621   dac.o
       186         14          0          8          0       2449   delay.o
         0          0          0          0          0      11652   event_groups.o
       584        138          0         24      47104       3975   heap_4.o
       344         34          0          1          0       1710   key.o
       610         40      18240          8         94       7154   lcd.o
        76          8          0          0          0        827   led.o
       136          0          0          0          0       3050   list.o
       668        148          0         24       4096     423876   main.o
      1038        382          0         12          0      10553   port.o
      1832        236          0          0         64      15497   queue.o
        64         26        428          0       1536        812   startup_stm32f429xx.o
       122         16          0          4          0       4012   stm32f4xx_hal.o
       590         28          0          0          0       3519   stm32f4xx_hal_adc.o
       218         14          0          0          0      30765   stm32f4xx_hal_cortex.o
       240          0          0          0          0       3882   stm32f4xx_hal_dac.o
       496         54          0          0          0       3231   stm32f4xx_hal_gpio.o
       136         14          0          0          0       1264   stm32f4xx_hal_pwr_ex.o
      1572         72         16          0          0       6211   stm32f4xx_hal_rcc.o
      1092          8          0          0          0       7199   stm32f4xx_hal_uart.o
        12          0          0          0          0       2557   stm32f4xx_it.o
       132         10          0          0          0       1103   sys.o
        84         18          0         20          0        985   system_stm32f4xx.o
      3210        812          0         60        740      31092   tasks.o
      1144        260          0         20         40       9678   timers.o
       358         54          0          8        264       5437   usart.o

    ----------------------------------------------------------------------
     15156       2412      18716        192      54028     594896   Object Totals
         0          0         32          0          0          0   (incl. Generated)
        28          0          0          3          2          0   (incl. Padding)

    ----------------------------------------------------------------------

      Code (inc. data)   RO Data    RW Data    ZI Data      Debug   Library Member Name

         8          0          0          0          0         68   __main.o
       104          0          0          0          0         84   __printf.o
         0          0          0          0          0          0   __rtentry.o
        12          0          0          0          0          0   __rtentry2.o
         6          0          0          0          0          0   __rtentry4.o
        52          8          0          0          0          0   __scatter.o
        26          0          0          0          0          0   __scatter_copy.o
        28          0          0          0          0          0   __scatter_zi.o
        44          0          0          0          0        108   _printf_char.o
        48          6          0          0          0         96   _printf_char_common.o
        36          4          0          0          0         80   _printf_char_file.o
         6          0          0          0          0          0   _printf_d.o
       120         16          0          0          0         92   _printf_dec.o
       178          0          0          0          0         88   _printf_intcommon.o
         0          0          0          0          0          0   _printf_percent.o
         4          0          0          0          0          0   _printf_percent_end.o
         6          0          0          0          0          0   _printf_s.o
        82          0          0          0          0         80   _printf_str.o
        16          0          0          0          0         68   aeabi_memset.o
        18          0          0          0          0         80   exit.o
         8          0          0          0          0         68   ferror.o
         6          0          0          0          0        152   heapauxi.o
         2          0          0          0          0          0   libinit.o
         6          0          0          0          0          0   libinit2.o
         2          0          0          0          0          0   libshutdown.o
         2          0          0          0          0          0   libshutdown2.o
         8          4          0          0         96         68   libspace.o
        24          4          0          0          0         84   noretval__2printf.o
        68          0          0          0          0         68   rt_memclr.o
        78          0          0          0          0         80   rt_memclr_w.o
       138          0          0          0          0         68   rt_memcpy_v6.o
       100          0          0          0          0         80   rt_memcpy_w.o
         2          0          0          0          0          0   rtexit.o
        10          0          0          0          0          0   rtexit2.o
        74          0          0          0          0         80   sys_stackheap_outer.o
         2          0          0          0          0         68   use_no_semi.o
         2          0          0          0          0         68   use_no_semi_2.o
        98          4          0          0          0        140   d2f.o
        38          0          0          0          0        116   dflt_clz.o
       340         12          0          0          0        152   dmul.o
       156          4          0          0          0        140   dnaninf.o
        12          0          0          0          0        116   dretinf.o
        10          0          0          0          0        116   fpinit.o
        10          0          0          0          0        116   fretinf.o
         0          0          0          0          0          0   usenofp.o

    ----------------------------------------------------------------------
      2000         62          0          0        100       2624   Library Totals
        10          0          0          0          4          0   (incl. Padding)

    ----------------------------------------------------------------------

      Code (inc. data)   RO Data    RW Data    ZI Data      Debug   Library Name

      1326         42          0          0         96       1728   c_w.l
       664         20          0          0          0        896   fz_wm.l

    ----------------------------------------------------------------------
      2000         62          0          0        100       2624   Library Totals

    ----------------------------------------------------------------------

==============================================================================


      Code (inc. data)   RO Data    RW Data    ZI Data      Debug   

     17156       2474      18716        192      54128     582436   Grand Totals
     17156       2474      18716        192      54128     582436   ELF Image Totals
     17156       2474      18716        192          0          0   ROM Totals

==============================================================================

    Total RO  Size (Code + RO Data)                35872 (  35.03kB)
    Total RW  Size (RW Data + ZI Data)             54320 (  53.05kB)
    Total ROM Size (Code + RO Data + RW Data)      36064 (  35.22kB)

==============================================================================

